{
  "forecast_vs_supervised_restart": {
    "attention": {
      "mean_relative_gain": 0.08934453685959814,
      "mouse_wins": 2,
      "gains": [
        -0.07573706721099649,
        0.3719845573567877,
        -0.06386231881610938,
        0.12499297610871074
      ],
      "leave_one_mouse_out": [
        0.144371738216463,
        -0.004868803306131708,
        0.14041348875150064,
        0.07746172377656062
      ],
      "paired_seed_wins": 7,
      "gate": false
    },
    "mixer": {
      "mean_relative_gain": 0.12050502390726911,
      "mouse_wins": 2,
      "gains": [
        -0.10389204029742105,
        0.530231994718492,
        0.09693987000574555,
        -0.04125972879774009
      ],
      "leave_one_mouse_out": [
        0.1953040453088325,
        -0.016070633029805197,
        0.12836007520777695,
        0.17442660814227218
      ],
      "paired_seed_wins": 6,
      "gate": false
    }
  },
  "restart_vs_one_stage": {
    "attention": {
      "mean_relative_gain": 0.08895991840496476,
      "mouse_wins": 3,
      "gains": [
        0.13435044230943205,
        0.19764984438473188,
        0.13436687037403827,
        -0.11052748344834318
      ],
      "leave_one_mouse_out": [
        0.07382974377014233,
        0.05272994307837572,
        0.07382426774860691,
        0.15545571902273406
      ],
      "paired_seed_wins": 6,
      "gate": false
    },
    "mixer": {
      "mean_relative_gain": 0.04706121779590178,
      "mouse_wins": 2,
      "gains": [
        0.18755781974648922,
        0.08576019097934295,
        -0.02818558663828674,
        -0.05688755290393832
      ],
      "leave_one_mouse_out": [
        0.00022901714570596385,
        0.03416156006808805,
        0.07214348594063129,
        0.0817108080291818
      ],
      "paired_seed_wins": 3,
      "gate": false
    }
  },
  "restart_attention_controls": {
    "mixer_restart": {
      "mean_relative_gain": -0.027910578100846517,
      "mouse_wins": 2,
      "gains": [
        -0.15609775096322176,
        -0.3202491198474866,
        0.04242939212696628,
        0.322275166280356
      ],
      "leave_one_mouse_out": [
        0.01481847951994523,
        0.06953560248136685,
        -0.05135723484345078,
        -0.14463915956124737
      ],
      "paired_seed_wins": 5,
      "gate": false
    },
    "raw_ridge": {
      "mean_relative_gain": -0.1664466025835178,
      "mouse_wins": 3,
      "gains": [
        0.2898828750023127,
        -1.7107605430387105,
        0.17287127002032632,
        0.5822199876820002
      ],
      "leave_one_mouse_out": [
        -0.31855642844546134,
        0.3483247109015464,
        -0.2795525601181325,
        -0.4160021326720238
      ],
      "gate": false
    },
    "pooled_mlp": {
      "mean_relative_gain": -0.2927592911275524,
      "mouse_wins": 3,
      "gains": [
        0.23586310219353968,
        -2.2371932596503736,
        0.2412879104333061,
        0.5890050825133184
      ],
      "leave_one_mouse_out": [
        -0.4689667555679164,
        0.35538536504672136,
        -0.4707750249811719,
        -0.5866807490078426
      ],
      "paired_seed_wins": 9,
      "gate": false
    }
  },
  "restart_attention_utility_gate": false,
  "descriptive_intervals_97_5": {
    "attention": [
      -0.44085391885288105,
      0.3772922974352231
    ],
    "mixer": [
      -0.3011509815864588,
      0.4263700645809776
    ]
  }
}
