{"done": "f10_s10_shuffle2", "mse": 103.29156565283692, "epoch": 5, "reused": false, "seconds": 12.9}
{"done": "f10_s10_none", "mse": 99.62843496767657, "epoch": 3, "reused": false, "seconds": 13.1}
{"done": "f10_s10_real", "mse": 103.29147496115961, "epoch": 5, "reused": false, "seconds": 13.1}
{"done": "f10_s10_shuffle1", "mse": 103.29687979348867, "epoch": 5, "reused": false, "seconds": 13.1}
{"done": "f10_s11_none", "mse": 98.51529465200932, "epoch": 1, "reused": false, "seconds": 12.4}
{"done": "f10_s11_shuffle2", "mse": 98.43021358961721, "epoch": 1, "reused": false, "seconds": 12.6}
{"done": "f10_s11_real", "mse": 98.43107608893925, "epoch": 1, "reused": false, "seconds": 12.6}
{"done": "f10_s11_shuffle1", "mse": 98.4297056166222, "epoch": 1, "reused": false, "seconds": 12.6}
{"done": "f10_s12_none", "mse": 98.77438393957452, "epoch": 1, "reused": false, "seconds": 12.5}
{"done": "f10_s12_shuffle2", "mse": 101.88421508000121, "epoch": 2, "reused": false, "seconds": 12.5}
{"done": "f10_s12_real", "mse": 101.89509059393, "epoch": 2, "reused": false, "seconds": 12.4}
{"done": "f10_s12_shuffle1", "mse": 101.9122315309899, "epoch": 2, "reused": false, "seconds": 12.5}
{"done": "f30_s10_real", "mse": 100.79274284651613, "epoch": 1, "reused": false, "seconds": 24.1}
{"done": "f30_s10_shuffle1", "mse": 100.84006529126744, "epoch": 1, "reused": false, "seconds": 24.0}
{"done": "f30_s10_none", "mse": 98.78973573007065, "epoch": 1, "reused": false, "seconds": 24.3}
{"done": "f30_s10_shuffle2", "mse": 100.97069867865352, "epoch": 1, "reused": false, "seconds": 24.5}
{"done": "f30_s11_real", "mse": 104.29236693832077, "epoch": 3, "reused": false, "seconds": 23.8}
{"done": "f30_s11_none", "mse": 106.40374975253857, "epoch": 1, "reused": false, "seconds": 23.7}
{"done": "f30_s11_shuffle1", "mse": 103.91344000669616, "epoch": 2, "reused": false, "seconds": 23.9}
{"done": "f30_s11_shuffle2", "mse": 102.84132238701729, "epoch": 2, "reused": false, "seconds": 23.9}
{"done": "f30_s12_none", "mse": 99.02995485808353, "epoch": 0, "reused": false, "seconds": 24.1}
{"done": "f30_s12_shuffle1", "mse": 104.00727390631192, "epoch": 0, "reused": false, "seconds": 24.0}
{"done": "f100_s10_none", "mse": 16.57830615153253, "epoch": 11, "reused": true, "seconds": 0.2}
{"done": "f100_s10_shuffle1", "mse": 16.315306369969647, "epoch": 11, "reused": true, "seconds": 0.2}
{"done": "f100_s11_none", "mse": 15.976305067337604, "epoch": 20, "reused": true, "seconds": 0.1}
{"done": "f100_s11_shuffle1", "mse": 16.37413250563702, "epoch": 20, "reused": true, "seconds": 0.1}
{"done": "f30_s12_real", "mse": 71.56786897872813, "epoch": 17, "reused": false, "seconds": 46.8}
{"done": "f100_s10_real", "mse": 16.72439914955358, "epoch": 15, "reused": true, "seconds": 0.2}
{"done": "f100_s11_real", "mse": 16.44525836063143, "epoch": 20, "reused": true, "seconds": 0.1}
{"done": "f30_s12_shuffle2", "mse": 67.68286656369737, "epoch": 17, "reused": false, "seconds": 46.9}
{"done": "f100_s12_none", "mse": 16.30433330448736, "epoch": 10, "reused": false, "seconds": 91.4}
{"done": "f100_s12_shuffle1", "mse": 17.00928513585922, "epoch": 13, "reused": false, "seconds": 106.5}
{"done": "f100_s12_real", "mse": 16.102019243946767, "epoch": 9, "reused": false, "seconds": 84.9}
{"done": "f100_s10_shuffle2", "mse": 17.562560796911264, "epoch": 15, "reused": false, "seconds": 106.1}
{"done": "f100_s11_shuffle2", "mse": 16.620446408167037, "epoch": 14, "reused": false, "seconds": 75.4}
{"done": "f100_s12_shuffle2", "mse": 16.450800639433947, "epoch": 8, "reused": false, "seconds": 54.1}
PILOT_COMPLETE
