{
  "summaries": {
    "clean": {
      "mean_mse_gain": 0.19299143134184246,
      "mse_mouse_wins": 3,
      "mean_mae_gain": 0.09337248325888542,
      "seed_wins": 18,
      "attention": {
        "mse_increase": 0.0,
        "mae_increase": 0.0,
        "mse_gain_vs_median": 0.5249627887890241,
        "mouse_mse_increases": [
          0.0,
          0.0,
          0.0,
          0.0
        ],
        "view_mean_mse_increases": [
          2.7755575615628914e-17
        ]
      },
      "mlp": {
        "mse_increase": 0.0,
        "mae_increase": 0.0,
        "mse_gain_vs_median": 0.30912456454789555,
        "mouse_mse_increases": [
          0.0,
          0.0,
          0.0,
          0.0
        ],
        "view_mean_mse_increases": [
          5.551115123125783e-17
        ]
      }
    },
    "missing_16": {
      "mean_mse_gain": -0.02985667646862558,
      "mse_mouse_wins": 2,
      "mean_mae_gain": 0.09493890926225396,
      "seed_wins": 14,
      "attention": {
        "mse_increase": 0.31639129252772935,
        "mae_increase": 0.11284583453104294,
        "mse_gain_vs_median": 0.47012627505139737,
        "mouse_mse_increases": [
          0.2737285851125526,
          -0.03554164290071238,
          0.09435042001006977,
          0.9330278078890075
        ],
        "view_mean_mse_increases": [
          0.5779789295436857,
          0.07329440334415835,
          0.2979005446953442
        ]
      },
      "mlp": {
        "mse_increase": 0.02273288325417891,
        "mae_increase": 0.10526948972824707,
        "mse_gain_vs_median": 0.39963844822967964,
        "mouse_mse_increases": [
          0.1087029587560957,
          -0.29440940596843135,
          0.013264815650085193,
          0.2633731645789661
        ],
        "view_mean_mse_increases": [
          0.14599371885745854,
          -0.05658357215711404,
          -0.021211496937807967
        ]
      }
    },
    "missing_32": {
      "mean_mse_gain": -0.15259324844926273,
      "mse_mouse_wins": 2,
      "mean_mae_gain": 0.05960278255683088,
      "seed_wins": 11,
      "attention": {
        "mse_increase": 0.6988529590038715,
        "mae_increase": 0.29898118245349603,
        "mse_gain_vs_median": 0.3963529618882874,
        "mouse_mse_increases": [
          0.4381201056171766,
          -0.05224266316856674,
          0.475335583401266,
          1.93419881016561
        ],
        "view_mean_mse_increases": [
          1.397346905615984,
          0.11207808904901628,
          0.587133882346614
        ]
      },
      "mlp": {
        "mse_increase": 0.18659134339134775,
        "mae_increase": 0.23908116645085997,
        "mse_gain_vs_median": 0.39610717717121824,
        "mouse_mse_increases": [
          0.21801135080546818,
          -0.38733910522948234,
          0.08264785334510916,
          0.833045274644296
        ],
        "view_mean_mse_increases": [
          0.44568862685316235,
          0.054595809563209696,
          0.059489593757670906
        ]
      }
    },
    "missing_64": {
      "mean_mse_gain": -0.221555479054808,
      "mse_mouse_wins": 2,
      "mean_mae_gain": 0.05530546484175927,
      "seed_wins": 13,
      "attention": {
        "mse_increase": 1.979442750607498,
        "mae_increase": 0.7595233129521083,
        "mse_gain_vs_median": 0.22544813987713588,
        "mouse_mse_increases": [
          0.619534718409664,
          -0.04556357856854687,
          0.8670489221031101,
          6.476750940485765
        ],
        "view_mean_mse_increases": [
          2.549147137223548,
          1.9125597476067657,
          1.4766213669921813
        ]
      },
      "mlp": {
        "mse_increase": 0.7692761362118019,
        "mae_increase": 0.5681881954990988,
        "mse_gain_vs_median": 0.26892482181749544,
        "mouse_mse_increases": [
          0.32450267517056797,
          -0.3207542831547294,
          0.4789311565778507,
          2.5944249962535184
        ],
        "view_mean_mse_increases": [
          0.9346502431871968,
          0.8068651229623482,
          0.5663130424858611
        ]
      }
    },
    "order_all": {
      "mean_mse_gain": 0.19097620260744957,
      "mse_mouse_wins": 3,
      "mean_mae_gain": 0.08226925839658764,
      "seed_wins": 18,
      "attention": {
        "mse_increase": 0.08486346064604,
        "mae_increase": 0.039530457574960376,
        "mse_gain_vs_median": 0.48381410012754145,
        "mouse_mse_increases": [
          0.047069676937609994,
          0.11489792507159202,
          0.0483789341637717,
          0.12910730641118628
        ],
        "view_mean_mse_increases": [
          0.09844261414291061,
          0.08812248854611615,
          0.06802527924909291
        ]
      },
      "mlp": {
        "mse_increase": 0.08151919432035859,
        "mae_increase": 0.027334168316727747,
        "mse_gain_vs_median": 0.2526737206032526,
        "mouse_mse_increases": [
          0.04015078416887774,
          0.1044850970197917,
          0.04264600733835078,
          0.13879488875441415
        ],
        "view_mean_mse_increases": [
          0.056032690239488925,
          0.0882226426221332,
          0.1003022500994532
        ]
      }
    },
    "order_tokens": {
      "mean_mse_gain": 0.19435971483892492,
      "mse_mouse_wins": 3,
      "mean_mae_gain": 0.0820749082160738,
      "seed_wins": 17,
      "attention": {
        "mse_increase": 0.06726648144940778,
        "mae_increase": 0.03182296644694804,
        "mse_gain_vs_median": 0.5026768273167076,
        "mouse_mse_increases": [
          0.048734547997346,
          0.037801424837765385,
          0.04384823378329794,
          0.13868171917922179
        ],
        "view_mean_mse_increases": [
          0.08445290778372178,
          0.05538760266569326,
          0.0619589338988083
        ]
      },
      "mlp": {
        "mse_increase": 0.07164825798696656,
        "mae_increase": 0.018959718193479247,
        "mse_gain_vs_median": 0.26591213161330896,
        "mouse_mse_increases": [
          0.04349030904826434,
          0.07164556043957537,
          0.035972488031603245,
          0.13548467442842327
        ],
        "view_mean_mse_increases": [
          0.04299528786424878,
          0.07844806142740135,
          0.09350142466924949
        ]
      }
    },
    "all_mean": {
      "mean_mse_gain": -0.9257130966664239,
      "mse_mouse_wins": 2,
      "mean_mae_gain": -0.24241933902183405,
      "seed_wins": 6,
      "attention": {
        "mse_increase": 9.219964111671015,
        "mae_increase": 2.4332626176587766,
        "mse_gain_vs_median": -0.9223996751904959,
        "mouse_mse_increases": [
          1.1248943178001234,
          0.09922555473596284,
          6.320914440445621,
          29.334822133702353
        ],
        "view_mean_mse_increases": [
          9.219964111671011
        ]
      },
      "mlp": {
        "mse_increase": 2.4177748863565416,
        "mae_increase": 1.2617311924369639,
        "mse_gain_vs_median": -0.12924071369753012,
        "mouse_mse_increases": [
          0.4563774624218806,
          0.018367022621826434,
          1.7299023576220196,
          7.46645270276044
        ],
        "view_mean_mse_increases": [
          2.4177748863565416
        ]
      }
    }
  },
  "timing": {
    "1": {
      "attention_median_ms": 0.7558750000000001,
      "mlp_median_ms": 0.52240625,
      "median_paired_ratio": 1.4472062250246092
    },
    "64": {
      "attention_median_ms": 28.31090625,
      "mlp_median_ms": 14.32468775,
      "median_paired_ratio": 1.9762035303041101
    }
  }
}
