{
  "contrasts": {
    "attention_random_augmented": {
      "mean_relative_gain": 0.1706515221909807,
      "mouse_wins": 2,
      "gains": [
        0.6351477836920988,
        -0.07091036226393488,
        0.1304003912471361,
        -0.01203172391137719
      ],
      "leave_one_mouse_out": [
        0.01581943502394134,
        0.25117215034261925,
        0.18406856583892892,
        0.23154593755843333
      ],
      "paired_seed_wins": 9
    },
    "mixer_pretrained_augmented": {
      "mean_relative_gain": -0.5717744510724042,
      "mouse_wins": 1,
      "gains": [
        -0.8223643950754274,
        -1.5282482057524858,
        -0.033299566302512185,
        0.0968143628408088
      ],
      "leave_one_mouse_out": [
        -0.488244469738063,
        -0.2529498661790436,
        -0.7512660793290348,
        -0.7946373890434751
      ],
      "paired_seed_wins": 2
    },
    "statistics": {
      "mean_relative_gain": -0.27437845190730675,
      "mouse_wins": 3,
      "gains": [
        0.5932663961934386,
        -1.8955856600331442,
        0.20254434207773364,
        0.002261114132745101
      ],
      "leave_one_mouse_out": [
        -0.5635934012742218,
        0.26602395080130575,
        -0.43335271656898683,
        -0.366591640587324
      ]
    },
    "ridge": {
      "mean_relative_gain": -2.921937615060438,
      "mouse_wins": 1,
      "gains": [
        -0.3491132980097684,
        -10.847607190999968,
        -0.5791027191861757,
        0.08807274795416153
      ],
      "leave_one_mouse_out": [
        -3.7795457207439944,
        -0.28004775641392754,
        -3.7028825803518584,
        -3.925274402731971
      ]
    }
  },
  "gate": false,
  "pretraining_effects": {
    "attention_latent": {
      "mean_relative_gain": 0.3240620054136315,
      "mouse_wins": 3
    },
    "attention_augmented": {
      "mean_relative_gain": 0.1706515221909807,
      "mouse_wins": 2
    },
    "mixer_latent": {
      "mean_relative_gain": 0.33328343014775996,
      "mouse_wins": 3
    },
    "mixer_augmented": {
      "mean_relative_gain": 0.3775205523896604,
      "mouse_wins": 3
    }
  },
  "descriptive_intervals_98_75": {
    "attention_random_augmented": [
      -0.5814203871081014,
      0.5777152852935334
    ],
    "mixer_pretrained_augmented": [
      -2.793790528245036,
      0.1336089613761772
    ],
    "statistics": [
      -1.4574757236764386,
      0.5660154064311793
    ],
    "ridge": [
      -9.748065390541676,
      0.22613395870706546
    ]
  }
}
