screen e3626212df6b_fold0_s101_e12 {'job_id': 'e3626212df6b_fold0_s101_e12', 'family': 'attention', 'score': 0.2904190734366864, 'seconds': 4.2033320419999995}
screen e3626212df6b_fold1_s101_e12 {'job_id': 'e3626212df6b_fold1_s101_e12', 'family': 'attention', 'score': 0.29062911077744946, 'seconds': 5.812540209}
screen ridge {'ridge_complete': True, 'development_solutions': 192}
screen 39c1e2696337_fold0_s101_e12 {'job_id': '39c1e2696337_fold0_s101_e12', 'family': 'attention', 'score': 0.28784617889269964, 'seconds': 3.7319271670000003}
screen 39c1e2696337_fold1_s101_e12 {'job_id': '39c1e2696337_fold1_s101_e12', 'family': 'attention', 'score': 0.31093922894893294, 'seconds': 5.053751875000001}
screen 26d8e6bff5cd_fold0_s101_e12 {'job_id': '26d8e6bff5cd_fold0_s101_e12', 'family': 'attention', 'score': 0.2915781210668448, 'seconds': 7.0436630000000005}
screen a3eada2001bf_fold0_s101_e12 {'job_id': 'a3eada2001bf_fold0_s101_e12', 'family': 'attention', 'score': 0.2778261830149658, 'seconds': 6.564246290999998}
screen 26d8e6bff5cd_fold1_s101_e12 {'job_id': '26d8e6bff5cd_fold1_s101_e12', 'family': 'attention', 'score': 0.29154258215097456, 'seconds': 9.710101542}
screen a3eada2001bf_fold1_s101_e12 {'job_id': 'a3eada2001bf_fold1_s101_e12', 'family': 'attention', 'score': 0.3062981106547968, 'seconds': 9.207826999999998}
screen bb390ad232f7_fold0_s101_e12 {'job_id': 'bb390ad232f7_fold0_s101_e12', 'family': 'attention', 'score': 0.2813732591386131, 'seconds': 12.935197125000002}
screen bb390ad232f7_fold1_s101_e12 {'job_id': 'bb390ad232f7_fold1_s101_e12', 'family': 'attention', 'score': 0.30270972063624735, 'seconds': 17.707710457999998}
screen ef7f79024173_fold0_s101_e12 {'job_id': 'ef7f79024173_fold0_s101_e12', 'family': 'attention', 'score': 0.2886208501439571, 'seconds': 11.963059084000005}
screen ccb99e7e1b39_fold0_s101_e12 {'job_id': 'ccb99e7e1b39_fold0_s101_e12', 'family': 'attention', 'score': 0.25071845418793526, 'seconds': 5.210652584000002}
screen ccb99e7e1b39_fold1_s101_e12 {'job_id': 'ccb99e7e1b39_fold1_s101_e12', 'family': 'attention', 'score': 0.26885090076087337, 'seconds': 7.293515042000003}
screen c2e34da77aad_fold0_s101_e12 {'job_id': 'c2e34da77aad_fold0_s101_e12', 'family': 'attention', 'score': 0.31087174583472665, 'seconds': 4.147864209000005}
screen ef7f79024173_fold1_s101_e12 {'job_id': 'ef7f79024173_fold1_s101_e12', 'family': 'attention', 'score': 0.2834579571061794, 'seconds': 16.606280750000003}
screen c2e34da77aad_fold1_s101_e12 {'job_id': 'c2e34da77aad_fold1_s101_e12', 'family': 'attention', 'score': 0.30952192135710044, 'seconds': 5.766701083000001}
screen fdaf1ff05d9b_fold0_s101_e12 {'job_id': 'fdaf1ff05d9b_fold0_s101_e12', 'family': 'attention', 'score': 0.2957723668022438, 'seconds': 8.596351708}
screen 98db0ec829e0_fold0_s101_e12 {'job_id': '98db0ec829e0_fold0_s101_e12', 'family': 'attention', 'score': 0.25695791439128146, 'seconds': 7.7318392919999965}
screen fdaf1ff05d9b_fold1_s101_e12 {'job_id': 'fdaf1ff05d9b_fold1_s101_e12', 'family': 'attention', 'score': 0.28717933003070933, 'seconds': 11.879338333}
screen 98db0ec829e0_fold1_s101_e12 {'job_id': '98db0ec829e0_fold1_s101_e12', 'family': 'attention', 'score': 0.30105839963846115, 'seconds': 10.782582458000007}
screen 212a4a6f8aff_fold0_s101_e12 {'job_id': '212a4a6f8aff_fold0_s101_e12', 'family': 'attention', 'score': 0.2655069429114332, 'seconds': 15.327334958000002}
screen 50833148abec_fold0_s101_e12 {'job_id': '50833148abec_fold0_s101_e12', 'family': 'attention', 'score': 0.25398692102801024, 'seconds': 13.681708084000007}
screen 212a4a6f8aff_fold1_s101_e12 {'job_id': '212a4a6f8aff_fold1_s101_e12', 'family': 'attention', 'score': 0.30015042242928974, 'seconds': 21.140274333}
screen 8b46da369900_fold0_s101_e12 {'job_id': '8b46da369900_fold0_s101_e12', 'family': 'attention', 'score': 0.26949557953995823, 'seconds': 6.414647416999998}
screen 8b46da369900_fold1_s101_e12 {'job_id': '8b46da369900_fold1_s101_e12', 'family': 'attention', 'score': 0.27533539290510645, 'seconds': 8.883366041999992}
screen 431722ef3a70_fold0_s101_e12 {'job_id': '431722ef3a70_fold0_s101_e12', 'family': 'attention', 'score': 0.30383312187239186, 'seconds': 4.749734208999996}
screen 50833148abec_fold1_s101_e12 {'job_id': '50833148abec_fold1_s101_e12', 'family': 'attention', 'score': 0.30165899116711653, 'seconds': 18.990204917}
screen 431722ef3a70_fold1_s101_e12 {'job_id': '431722ef3a70_fold1_s101_e12', 'family': 'attention', 'score': 0.28837964689202916, 'seconds': 6.609995207999987}
screen cc376bed1743_fold0_s101_e12 {'job_id': 'cc376bed1743_fold0_s101_e12', 'family': 'attention', 'score': 0.27581546722703665, 'seconds': 10.277628082999996}
screen a86436f4f418_fold0_s101_e12 {'job_id': 'a86436f4f418_fold0_s101_e12', 'family': 'attention', 'score': 0.24307994486310394, 'seconds': 8.860297958000004}
screen cc376bed1743_fold1_s101_e12 {'job_id': 'cc376bed1743_fold1_s101_e12', 'family': 'attention', 'score': 0.2751394717118441, 'seconds': 14.171134334000001}
screen a86436f4f418_fold1_s101_e12 {'job_id': 'a86436f4f418_fold1_s101_e12', 'family': 'attention', 'score': 0.2703877144179969, 'seconds': 12.441240542000003}
screen 7b9b3bc4ce12_fold0_s101_e12 {'job_id': '7b9b3bc4ce12_fold0_s101_e12', 'family': 'attention', 'score': 0.2764758638268743, 'seconds': 17.832493624999998}
screen 45521f46e61a_fold0_s101_e12 {'job_id': '45521f46e61a_fold0_s101_e12', 'family': 'attention', 'score': 0.24301420115135267, 'seconds': 15.448423667}
screen 7b9b3bc4ce12_fold1_s101_e12 {'job_id': '7b9b3bc4ce12_fold1_s101_e12', 'family': 'attention', 'score': 0.300320541477134, 'seconds': 24.721706374999997}
screen 345cec45e848_fold0_s101_e12 {'job_id': '345cec45e848_fold0_s101_e12', 'family': 'attention', 'score': 0.24654410493696718, 'seconds': 5.021774125000007}
screen 2740d09a0c94_fold0_s101_e12 {'job_id': '2740d09a0c94_fold0_s101_e12', 'family': 'attention', 'score': 0.23201237174520228, 'seconds': 3.8746039999999766}
screen 345cec45e848_fold1_s101_e12 {'job_id': '345cec45e848_fold1_s101_e12', 'family': 'attention', 'score': 0.2582317838837234, 'seconds': 6.953516709000013}
screen 2740d09a0c94_fold1_s101_e12 {'job_id': '2740d09a0c94_fold1_s101_e12', 'family': 'attention', 'score': 0.2617654246438288, 'seconds': 5.370120541999995}
screen 45521f46e61a_fold1_s101_e12 {'job_id': '45521f46e61a_fold1_s101_e12', 'family': 'attention', 'score': 0.2835383255427164, 'seconds': 21.27982008299999}
screen 5b9b968c9eb6_fold0_s101_e12 {'job_id': '5b9b968c9eb6_fold0_s101_e12', 'family': 'attention', 'score': 0.2355558630978173, 'seconds': 8.244166041}
screen 5daef43da890_fold0_s101_e12 {'job_id': '5daef43da890_fold0_s101_e12', 'family': 'attention', 'score': 0.22171752236152603, 'seconds': 7.531987500000014}
screen 5b9b968c9eb6_fold1_s101_e12 {'job_id': '5b9b968c9eb6_fold1_s101_e12', 'family': 'attention', 'score': 0.2744400292119726, 'seconds': 11.361650915999974}
screen 5daef43da890_fold1_s101_e12 {'job_id': '5daef43da890_fold1_s101_e12', 'family': 'attention', 'score': 0.2654099633494191, 'seconds': 10.457301957999988}
screen 6956e3bbf1e2_fold0_s101_e12 {'job_id': '6956e3bbf1e2_fold0_s101_e12', 'family': 'attention', 'score': 0.24404483278701558, 'seconds': 15.003409207999994}
screen 3db89f2e7a1a_fold0_s101_e12 {'job_id': '3db89f2e7a1a_fold0_s101_e12', 'family': 'attention', 'score': 0.21325797992297232, 'seconds': 13.413949250000002}
screen 6956e3bbf1e2_fold1_s101_e12 {'job_id': '6956e3bbf1e2_fold1_s101_e12', 'family': 'attention', 'score': 0.26193671794305307, 'seconds': 20.84574600000002}
screen 71043edcaac7_fold0_s101_e12 {'job_id': '71043edcaac7_fold0_s101_e12', 'family': 'attention', 'score': 0.22347473776334995, 'seconds': 7.060635499999989}
screen 9541fc4a7885_fold0_s101_e12 {'job_id': '9541fc4a7885_fold0_s101_e12', 'family': 'attention', 'score': 0.23618978463212098, 'seconds': 4.752744957999994}
screen 71043edcaac7_fold1_s101_e12 {'job_id': '71043edcaac7_fold1_s101_e12', 'family': 'attention', 'score': 0.24526917240121376, 'seconds': 9.742550040999987}
screen 3db89f2e7a1a_fold1_s101_e12 {'job_id': '3db89f2e7a1a_fold1_s101_e12', 'family': 'attention', 'score': 0.25561305055311623, 'seconds': 18.770655792000014}
screen 9541fc4a7885_fold1_s101_e12 {'job_id': '9541fc4a7885_fold1_s101_e12', 'family': 'attention', 'score': 0.26758061455660426, 'seconds': 6.46970675}
screen 4590b848cf83_fold0_s101_e12 {'job_id': '4590b848cf83_fold0_s101_e12', 'family': 'attention', 'score': 0.24270101147901257, 'seconds': 10.876373459000007}
screen 8aaba1db1735_fold0_s101_e12 {'job_id': '8aaba1db1735_fold0_s101_e12', 'family': 'attention', 'score': 0.22267868132584648, 'seconds': 9.450703624999989}
screen 4590b848cf83_fold1_s101_e12 {'job_id': '4590b848cf83_fold1_s101_e12', 'family': 'attention', 'score': 0.2761562310210838, 'seconds': 15.013242415999997}
screen 8aaba1db1735_fold1_s101_e12 {'job_id': '8aaba1db1735_fold1_s101_e12', 'family': 'attention', 'score': 0.2683701533232906, 'seconds': 13.297836042}
screen 3efde9f24036_fold0_s101_e12 {'job_id': '3efde9f24036_fold0_s101_e12', 'family': 'attention', 'score': 0.23415766440931532, 'seconds': 19.430042791999995}
screen 19281e0014f1_fold0_s101_e12 {'job_id': '19281e0014f1_fold0_s101_e12', 'family': 'attention', 'score': 0.24005459719839248, 'seconds': 16.19084487500001}
screen 3efde9f24036_fold1_s101_e12 {'job_id': '3efde9f24036_fold1_s101_e12', 'family': 'attention', 'score': 0.2814259767472206, 'seconds': 26.729410541999982}
screen 13a6bcc6d28c_fold0_s101_e12 {'job_id': '13a6bcc6d28c_fold0_s101_e12', 'family': 'attention', 'score': 0.2346197007344313, 'seconds': 8.806191583000015}
screen 390d434b1623_fold0_s101_e12 {'job_id': '390d434b1623_fold0_s101_e12', 'family': 'attention', 'score': 0.23325977788401656, 'seconds': 5.430862250000018}
screen 13a6bcc6d28c_fold1_s101_e12 {'job_id': '13a6bcc6d28c_fold1_s101_e12', 'family': 'attention', 'score': 0.24872435244413327, 'seconds': 12.191759708999996}
screen 19281e0014f1_fold1_s101_e12 {'job_id': '19281e0014f1_fold1_s101_e12', 'family': 'attention', 'score': 0.2674924301576571, 'seconds': 22.298345374999997}
screen 390d434b1623_fold1_s101_e12 {'job_id': '390d434b1623_fold1_s101_e12', 'family': 'attention', 'score': 0.2599886417782907, 'seconds': 7.572044083999998}
screen ef02ee4cc7a8_fold0_s101_e12 {'job_id': 'ef02ee4cc7a8_fold0_s101_e12', 'family': 'attention', 'score': 0.2409452416296689, 'seconds': 13.485635874999986}
screen b7fbe0931877_fold0_s101_e12 {'job_id': 'b7fbe0931877_fold0_s101_e12', 'family': 'attention', 'score': 0.21866033608048513, 'seconds': 11.477816082999993}
screen ef02ee4cc7a8_fold1_s101_e12 {'job_id': 'ef02ee4cc7a8_fold1_s101_e12', 'family': 'attention', 'score': 0.26231609716296916, 'seconds': 18.850392917000022}
screen b7fbe0931877_fold1_s101_e12 {'job_id': 'b7fbe0931877_fold1_s101_e12', 'family': 'attention', 'score': 0.2676189945434374, 'seconds': 16.209239583}
screen a0e79fd0df99_fold0_s101_e12 {'job_id': 'a0e79fd0df99_fold0_s101_e12', 'family': 'attention', 'score': 0.23943971371543107, 'seconds': 23.859537750000015}
screen 14225f14fb15_fold0_s101_e12 {'job_id': '14225f14fb15_fold0_s101_e12', 'family': 'attention', 'score': 0.22644043036434386, 'seconds': 18.96534700000001}
screen a0e79fd0df99_fold1_s101_e12 {'job_id': 'a0e79fd0df99_fold1_s101_e12', 'family': 'attention', 'score': 0.26836570198151855, 'seconds': 32.940791708000006}
screen 8b754989885b_fold0_s101_e12 {'job_id': '8b754989885b_fold0_s101_e12', 'family': 'attention', 'score': 0.2669385535603034, 'seconds': 5.647924958000033}
screen 69535c7fdb0b_fold0_s101_e12 {'job_id': '69535c7fdb0b_fold0_s101_e12', 'family': 'attention', 'score': 0.24794876437184502, 'seconds': 4.42358733399999}
screen 8b754989885b_fold1_s101_e12 {'job_id': '8b754989885b_fold1_s101_e12', 'family': 'attention', 'score': 0.25275003543491725, 'seconds': 7.891577792000021}
screen 69535c7fdb0b_fold1_s101_e12 {'job_id': '69535c7fdb0b_fold1_s101_e12', 'family': 'attention', 'score': 0.2489243499760378, 'seconds': 6.230506290999983}
screen 14225f14fb15_fold1_s101_e12 {'job_id': '14225f14fb15_fold1_s101_e12', 'family': 'attention', 'score': 0.2725807066431662, 'seconds': 26.412914375000014}
screen 2e30e8ac529d_fold0_s101_e12 {'job_id': '2e30e8ac529d_fold0_s101_e12', 'family': 'attention', 'score': 0.2442882404702107, 'seconds': 9.893050541000036}
screen 290a59886ff7_fold0_s101_e12 {'job_id': '290a59886ff7_fold0_s101_e12', 'family': 'attention', 'score': 0.2198722606525303, 'seconds': 8.672219250000012}
screen 2e30e8ac529d_fold1_s101_e12 {'job_id': '2e30e8ac529d_fold1_s101_e12', 'family': 'attention', 'score': 0.2531751013019362, 'seconds': 14.112453249999987}
screen 290a59886ff7_fold1_s101_e12 {'job_id': '290a59886ff7_fold1_s101_e12', 'family': 'attention', 'score': 0.24596267293361473, 'seconds': 11.925007167000047}
screen a42109797dcd_fold0_s101_e12 {'job_id': 'a42109797dcd_fold0_s101_e12', 'family': 'attention', 'score': 0.2615518382164434, 'seconds': 16.95977804200004}
screen 8f22f994e200_fold0_s101_e12 {'job_id': '8f22f994e200_fold0_s101_e12', 'family': 'attention', 'score': 0.2374408134382831, 'seconds': 15.199184166999999}
screen a42109797dcd_fold1_s101_e12 {'job_id': 'a42109797dcd_fold1_s101_e12', 'family': 'attention', 'score': 0.23452168479184715, 'seconds': 23.434882542000025}
screen 2ebc358d14e1_fold0_s101_e12 {'job_id': '2ebc358d14e1_fold0_s101_e12', 'family': 'attention', 'score': 0.2513148950986929, 'seconds': 8.218133249999994}
screen cf74b2b6e8bb_fold0_s101_e12 {'job_id': 'cf74b2b6e8bb_fold0_s101_e12', 'family': 'attention', 'score': 0.22752678108715896, 'seconds': 5.643496041999981}
screen 2ebc358d14e1_fold1_s101_e12 {'job_id': '2ebc358d14e1_fold1_s101_e12', 'family': 'attention', 'score': 0.26651328957777204, 'seconds': 11.352346207999972}
screen 8f22f994e200_fold1_s101_e12 {'job_id': '8f22f994e200_fold1_s101_e12', 'family': 'attention', 'score': 0.25189108590311815, 'seconds': 20.848136291000003}
screen cf74b2b6e8bb_fold1_s101_e12 {'job_id': 'cf74b2b6e8bb_fold1_s101_e12', 'family': 'attention', 'score': 0.26059857810977394, 'seconds': 8.041339291999975}
screen bae7cc521d40_fold0_s101_e12 {'job_id': 'bae7cc521d40_fold0_s101_e12', 'family': 'attention', 'score': 0.2500187371339781, 'seconds': 14.04769562499996}
screen 62729ac51649_fold0_s101_e12 {'job_id': '62729ac51649_fold0_s101_e12', 'family': 'attention', 'score': 0.20559425150139415, 'seconds': 11.288741499999958}
screen bae7cc521d40_fold1_s101_e12 {'job_id': 'bae7cc521d40_fold1_s101_e12', 'family': 'attention', 'score': 0.22951489919100623, 'seconds': 19.422156458000018}
screen 62729ac51649_fold1_s101_e12 {'job_id': '62729ac51649_fold1_s101_e12', 'family': 'attention', 'score': 0.24062680817122195, 'seconds': 15.357457791999991}
screen 0e12526e11d0_fold0_s101_e12 {'job_id': '0e12526e11d0_fold0_s101_e12', 'family': 'attention', 'score': 0.24663850761900857, 'seconds': 22.908995583000035}
screen efda13f117cf_fold0_s101_e12 {'job_id': 'efda13f117cf_fold0_s101_e12', 'family': 'attention', 'score': 0.22402202012815356, 'seconds': 19.339420749999988}
screen 0e12526e11d0_fold1_s101_e12 {'job_id': '0e12526e11d0_fold1_s101_e12', 'family': 'attention', 'score': 0.23999809356096727, 'seconds': 31.643930624999996}
screen 42bb75682b39_fold0_s101_e12 {'job_id': '42bb75682b39_fold0_s101_e12', 'family': 'attention', 'score': 0.24995465367347292, 'seconds': 10.679198332999988}
screen efda13f117cf_fold1_s101_e12 {'job_id': 'efda13f117cf_fold1_s101_e12', 'family': 'attention', 'score': 0.26102723741790246, 'seconds': 26.526954708999995}
screen 0629067e0d0f_fold0_s101_e12 {'job_id': '0629067e0d0f_fold0_s101_e12', 'family': 'attention', 'score': 0.2611977957233838, 'seconds': 6.8552373750000015}
screen 42bb75682b39_fold1_s101_e12 {'job_id': '42bb75682b39_fold1_s101_e12', 'family': 'attention', 'score': 0.26155306964594394, 'seconds': 14.912873875000002}
screen 0629067e0d0f_fold1_s101_e12 {'job_id': '0629067e0d0f_fold1_s101_e12', 'family': 'attention', 'score': 0.2842276948856195, 'seconds': 9.882093459000032}
screen cb083c3967c1_fold0_s101_e12 {'job_id': 'cb083c3967c1_fold0_s101_e12', 'family': 'attention', 'score': 0.2598947128631846, 'seconds': 18.012628249999977}
screen c4ab7fbcbc5f_fold0_s101_e12 {'job_id': 'c4ab7fbcbc5f_fold0_s101_e12', 'family': 'attention', 'score': 0.22740524126887818, 'seconds': 13.812491082999998}
screen cb083c3967c1_fold1_s101_e12 {'job_id': 'cb083c3967c1_fold1_s101_e12', 'family': 'attention', 'score': 0.23481441365171712, 'seconds': 24.814168042000006}
screen c4ab7fbcbc5f_fold1_s101_e12 {'job_id': 'c4ab7fbcbc5f_fold1_s101_e12', 'family': 'attention', 'score': 0.24935201941116966, 'seconds': 18.82469791699998}
screen 1edd87f18700_fold0_s101_e12 {'job_id': '1edd87f18700_fold0_s101_e12', 'family': 'attention', 'score': 0.2625387292368172, 'seconds': 28.795957375}
screen 8d183f67e086_fold0_s101_e12 {'job_id': '8d183f67e086_fold0_s101_e12', 'family': 'attention', 'score': 0.22783472369879293, 'seconds': 23.443070707999993}
screen dd06b5b26608_fold0_s101_e12 {'job_id': 'dd06b5b26608_fold0_s101_e12', 'family': 'mlp', 'score': 0.31026942167531146, 'seconds': 3.8849043749999623}
screen 1edd87f18700_fold1_s101_e12 {'job_id': '1edd87f18700_fold1_s101_e12', 'family': 'attention', 'score': 0.2531986193929598, 'seconds': 39.760077749999994}
screen 5e85c5072136_fold0_s101_e12 {'job_id': '5e85c5072136_fold0_s101_e12', 'family': 'mlp', 'score': 0.27538513531809083, 'seconds': 3.620469250000042}
screen dd06b5b26608_fold1_s101_e12 {'job_id': 'dd06b5b26608_fold1_s101_e12', 'family': 'mlp', 'score': 0.3065595404347397, 'seconds': 5.223929957999985}
screen 5e85c5072136_fold1_s101_e12 {'job_id': '5e85c5072136_fold1_s101_e12', 'family': 'mlp', 'score': 0.2888177210530806, 'seconds': 4.97164004199999}
screen fcdd1389c91d_fold0_s101_e12 {'job_id': 'fcdd1389c91d_fold0_s101_e12', 'family': 'mlp', 'score': 0.3225364456226983, 'seconds': 6.553572750000001}
screen 32d5fa0f5e66_fold0_s101_e12 {'job_id': '32d5fa0f5e66_fold0_s101_e12', 'family': 'mlp', 'score': 0.30734155374019734, 'seconds': 6.304866624999988}
screen fcdd1389c91d_fold1_s101_e12 {'job_id': 'fcdd1389c91d_fold1_s101_e12', 'family': 'mlp', 'score': 0.3421642884088147, 'seconds': 9.008506540999974}
screen 8d183f67e086_fold1_s101_e12 {'job_id': '8d183f67e086_fold1_s101_e12', 'family': 'attention', 'score': 0.24796455005149595, 'seconds': 31.787605041999996}
screen 32d5fa0f5e66_fold1_s101_e12 {'job_id': '32d5fa0f5e66_fold1_s101_e12', 'family': 'mlp', 'score': 0.32277064508195363, 'seconds': 8.380060125}
screen 3bef6612edca_fold0_s101_e12 {'job_id': '3bef6612edca_fold0_s101_e12', 'family': 'mlp', 'score': 0.30711560886569134, 'seconds': 11.606333541000026}
screen 3bef6612edca_fold1_s101_e12 {'job_id': '3bef6612edca_fold1_s101_e12', 'family': 'mlp', 'score': 0.34161435921473826, 'seconds': 15.995181958999979}
screen 9395a520e31c_fold0_s101_e12 {'job_id': '9395a520e31c_fold0_s101_e12', 'family': 'mlp', 'score': 0.32052587941263005, 'seconds': 11.22794912500001}
screen d8b955032c9f_fold0_s101_e12 {'job_id': 'd8b955032c9f_fold0_s101_e12', 'family': 'mlp', 'score': 0.30650379716147835, 'seconds': 4.2359989999999925}
screen ba962a6d4fb5_fold0_s101_e12 {'job_id': 'ba962a6d4fb5_fold0_s101_e12', 'family': 'mlp', 'score': 0.2833376483180605, 'seconds': 3.986566499999981}
screen d8b955032c9f_fold1_s101_e12 {'job_id': 'd8b955032c9f_fold1_s101_e12', 'family': 'mlp', 'score': 0.32419597841784853, 'seconds': 5.882603499999959}
screen 9395a520e31c_fold1_s101_e12 {'job_id': '9395a520e31c_fold1_s101_e12', 'family': 'mlp', 'score': 0.30511963618291077, 'seconds': 15.66935312499993}
screen ba962a6d4fb5_fold1_s101_e12 {'job_id': 'ba962a6d4fb5_fold1_s101_e12', 'family': 'mlp', 'score': 0.31351217749362903, 'seconds': 5.499059375000002}
screen 8b9de7e6f120_fold0_s101_e12 {'job_id': '8b9de7e6f120_fold0_s101_e12', 'family': 'mlp', 'score': 0.29158796930255443, 'seconds': 7.202614541999992}
screen b86452299c81_fold0_s101_e12 {'job_id': 'b86452299c81_fold0_s101_e12', 'family': 'mlp', 'score': 0.3028446199051722, 'seconds': 6.752511832999971}
screen 8b9de7e6f120_fold1_s101_e12 {'job_id': '8b9de7e6f120_fold1_s101_e12', 'family': 'mlp', 'score': 0.2862726475721451, 'seconds': 9.925838124999927}
screen b86452299c81_fold1_s101_e12 {'job_id': 'b86452299c81_fold1_s101_e12', 'family': 'mlp', 'score': 0.32610416355124017, 'seconds': 9.340300333999949}
screen 45bb2e3ebbfb_fold0_s101_e12 {'job_id': '45bb2e3ebbfb_fold0_s101_e12', 'family': 'mlp', 'score': 0.29789778072128575, 'seconds': 12.896290207999982}
screen 2c721e3596aa_fold0_s101_e12 {'job_id': '2c721e3596aa_fold0_s101_e12', 'family': 'mlp', 'score': 0.30445296722243353, 'seconds': 12.143035833999988}
screen 45bb2e3ebbfb_fold1_s101_e12 {'job_id': '45bb2e3ebbfb_fold1_s101_e12', 'family': 'mlp', 'score': 0.35444608483515216, 'seconds': 17.821562542000038}
screen c0c0eca7ce5f_fold0_s101_e12 {'job_id': 'c0c0eca7ce5f_fold0_s101_e12', 'family': 'mlp', 'score': 0.2981619226515464, 'seconds': 4.9097528329999705}
screen c0c0eca7ce5f_fold1_s101_e12 {'job_id': 'c0c0eca7ce5f_fold1_s101_e12', 'family': 'mlp', 'score': 0.3222223945587465, 'seconds': 6.786684832999981}
screen 46130c1b9fdc_fold0_s101_e12 {'job_id': '46130c1b9fdc_fold0_s101_e12', 'family': 'mlp', 'score': 0.27520851766819593, 'seconds': 4.523746499999902}
screen 2c721e3596aa_fold1_s101_e12 {'job_id': '2c721e3596aa_fold1_s101_e12', 'family': 'mlp', 'score': 0.295902347644589, 'seconds': 17.024325458999897}
screen 46130c1b9fdc_fold1_s101_e12 {'job_id': '46130c1b9fdc_fold1_s101_e12', 'family': 'mlp', 'score': 0.308017962769125, 'seconds': 6.192629458999932}
screen d14fb1026deb_fold0_s101_e12 {'job_id': 'd14fb1026deb_fold0_s101_e12', 'family': 'mlp', 'score': 0.2821457470510872, 'seconds': 8.09541979200003}
screen 09948af48cf7_fold0_s101_e12 {'job_id': '09948af48cf7_fold0_s101_e12', 'family': 'mlp', 'score': 0.2930803856706812, 'seconds': 7.437417874999937}
screen d14fb1026deb_fold1_s101_e12 {'job_id': 'd14fb1026deb_fold1_s101_e12', 'family': 'mlp', 'score': 0.28998986324844533, 'seconds': 11.156552707999936}
screen 09948af48cf7_fold1_s101_e12 {'job_id': '09948af48cf7_fold1_s101_e12', 'family': 'mlp', 'score': 0.2983696511870247, 'seconds': 10.272625875000017}
screen 14ccbf327141_fold0_s101_e12 {'job_id': '14ccbf327141_fold0_s101_e12', 'family': 'mlp', 'score': 0.3232022434362449, 'seconds': 14.171634499999982}
screen becb8f0d556a_fold0_s101_e12 {'job_id': 'becb8f0d556a_fold0_s101_e12', 'family': 'mlp', 'score': 0.23526686555504084, 'seconds': 13.093205000000012}
screen 14ccbf327141_fold1_s101_e12 {'job_id': '14ccbf327141_fold1_s101_e12', 'family': 'mlp', 'score': 0.33869831161231, 'seconds': 19.578882500000077}
screen 0de05974ea2b_fold0_s101_e12 {'job_id': '0de05974ea2b_fold0_s101_e12', 'family': 'mlp', 'score': 0.26049050521296163, 'seconds': 3.988595000000032}
screen c05c8f5ccc7b_fold0_s101_e12 {'job_id': 'c05c8f5ccc7b_fold0_s101_e12', 'family': 'mlp', 'score': 0.2571957242361237, 'seconds': 3.7920608330000505}
screen 0de05974ea2b_fold1_s101_e12 {'job_id': '0de05974ea2b_fold1_s101_e12', 'family': 'mlp', 'score': 0.2644131641380095, 'seconds': 5.4968646250000575}
screen c05c8f5ccc7b_fold1_s101_e12 {'job_id': 'c05c8f5ccc7b_fold1_s101_e12', 'family': 'mlp', 'score': 0.2771634118964864, 'seconds': 5.210008541999969}
screen becb8f0d556a_fold1_s101_e12 {'job_id': 'becb8f0d556a_fold1_s101_e12', 'family': 'mlp', 'score': 0.2787951299086614, 'seconds': 18.20415033300003}
screen 1deded9da8d0_fold0_s101_e12 {'job_id': '1deded9da8d0_fold0_s101_e12', 'family': 'mlp', 'score': 0.23899146769359483, 'seconds': 6.842431083999941}
screen 6addb4bcd465_fold0_s101_e12 {'job_id': '6addb4bcd465_fold0_s101_e12', 'family': 'mlp', 'score': 0.2266877084834015, 'seconds': 6.490619000000038}
screen 1deded9da8d0_fold1_s101_e12 {'job_id': '1deded9da8d0_fold1_s101_e12', 'family': 'mlp', 'score': 0.2616885395539735, 'seconds': 9.40225124999995}
screen 6addb4bcd465_fold1_s101_e12 {'job_id': '6addb4bcd465_fold1_s101_e12', 'family': 'mlp', 'score': 0.2633483069292181, 'seconds': 8.97278454100001}
screen 712c35ef8feb_fold0_s101_e12 {'job_id': '712c35ef8feb_fold0_s101_e12', 'family': 'mlp', 'score': 0.28868116904481705, 'seconds': 12.63979808299996}
screen a07a1854dbb0_fold0_s101_e12 {'job_id': 'a07a1854dbb0_fold0_s101_e12', 'family': 'mlp', 'score': 0.2491686911078799, 'seconds': 11.847705832999964}
screen 712c35ef8feb_fold1_s101_e12 {'job_id': '712c35ef8feb_fold1_s101_e12', 'family': 'mlp', 'score': 0.2961491152312992, 'seconds': 17.527249333999976}
screen 87a8bf2d1ca8_fold0_s101_e12 {'job_id': '87a8bf2d1ca8_fold0_s101_e12', 'family': 'mlp', 'score': 0.25182258116022227, 'seconds': 4.813541415999907}
screen 9693e95041a8_fold0_s101_e12 {'job_id': '9693e95041a8_fold0_s101_e12', 'family': 'mlp', 'score': 0.2584852879290634, 'seconds': 4.4992719580000085}
screen 87a8bf2d1ca8_fold1_s101_e12 {'job_id': '87a8bf2d1ca8_fold1_s101_e12', 'family': 'mlp', 'score': 0.25528994765360113, 'seconds': 6.759469666999962}
screen a07a1854dbb0_fold1_s101_e12 {'job_id': 'a07a1854dbb0_fold1_s101_e12', 'family': 'mlp', 'score': 0.24911439832653567, 'seconds': 16.657166250000046}
screen 9693e95041a8_fold1_s101_e12 {'job_id': '9693e95041a8_fold1_s101_e12', 'family': 'mlp', 'score': 0.2678250325952014, 'seconds': 6.161069750000024}
screen 7a66a15c80fc_fold0_s101_e12 {'job_id': '7a66a15c80fc_fold0_s101_e12', 'family': 'mlp', 'score': 0.2632251641547848, 'seconds': 8.117298542000071}
screen 3889b67d3160_fold0_s101_e12 {'job_id': '3889b67d3160_fold0_s101_e12', 'family': 'mlp', 'score': 0.22214867936784383, 'seconds': 7.423416209000038}
screen 7a66a15c80fc_fold1_s101_e12 {'job_id': '7a66a15c80fc_fold1_s101_e12', 'family': 'mlp', 'score': 0.2668764277641865, 'seconds': 11.206030208000016}
screen 3889b67d3160_fold1_s101_e12 {'job_id': '3889b67d3160_fold1_s101_e12', 'family': 'mlp', 'score': 0.250213223225081, 'seconds': 10.279363708000005}
screen 268be3294366_fold0_s101_e12 {'job_id': '268be3294366_fold0_s101_e12', 'family': 'mlp', 'score': 0.28322117725933543, 'seconds': 14.74322133399994}
screen 2af96b13b54c_fold0_s101_e12 {'job_id': '2af96b13b54c_fold0_s101_e12', 'family': 'mlp', 'score': 0.2352359476261846, 'seconds': 13.208201834000079}
screen 268be3294366_fold1_s101_e12 {'job_id': '268be3294366_fold1_s101_e12', 'family': 'mlp', 'score': 0.3054627443432387, 'seconds': 20.400208708000036}
screen 74031dcc53ce_fold0_s101_e12 {'job_id': '74031dcc53ce_fold0_s101_e12', 'family': 'mlp', 'score': 0.25055677045348484, 'seconds': 5.719609415999912}
screen 74031dcc53ce_fold1_s101_e12 {'job_id': '74031dcc53ce_fold1_s101_e12', 'family': 'mlp', 'score': 0.26256253203982544, 'seconds': 7.946593249999978}
screen 3c0e9aadc0b1_fold0_s101_e12 {'job_id': '3c0e9aadc0b1_fold0_s101_e12', 'family': 'mlp', 'score': 0.23612557379359797, 'seconds': 5.114813249999997}
screen 2af96b13b54c_fold1_s101_e12 {'job_id': '2af96b13b54c_fold1_s101_e12', 'family': 'mlp', 'score': 0.28542361050979825, 'seconds': 18.463861707999968}
screen 3c0e9aadc0b1_fold1_s101_e12 {'job_id': '3c0e9aadc0b1_fold1_s101_e12', 'family': 'mlp', 'score': 0.25144332029352867, 'seconds': 7.09539862500003}
screen 7278ebc0e88a_fold0_s101_e12 {'job_id': '7278ebc0e88a_fold0_s101_e12', 'family': 'mlp', 'score': 0.2344443265088335, 'seconds': 9.383152084000017}
screen f970e0f85b74_fold0_s101_e12 {'job_id': 'f970e0f85b74_fold0_s101_e12', 'family': 'mlp', 'score': 0.20806657192714323, 'seconds': 8.322713499999963}
screen 7278ebc0e88a_fold1_s101_e12 {'job_id': '7278ebc0e88a_fold1_s101_e12', 'family': 'mlp', 'score': 0.28391677590110476, 'seconds': 12.926834249999956}
screen f970e0f85b74_fold1_s101_e12 {'job_id': 'f970e0f85b74_fold1_s101_e12', 'family': 'mlp', 'score': 0.24205313354179236, 'seconds': 11.556690416000038}
screen d8864c32d3f0_fold0_s101_e12 {'job_id': 'd8864c32d3f0_fold0_s101_e12', 'family': 'mlp', 'score': 0.2728935284888613, 'seconds': 16.704549374999942}
screen fbd4562e909e_fold0_s101_e12 {'job_id': 'fbd4562e909e_fold0_s101_e12', 'family': 'mlp', 'score': 0.23227539717639134, 'seconds': 14.516770292000047}
screen d8864c32d3f0_fold1_s101_e12 {'job_id': 'd8864c32d3f0_fold1_s101_e12', 'family': 'mlp', 'score': 0.3163710684151515, 'seconds': 23.143494667000027}
screen aa56eb6468b3_fold0_s101_e12 {'job_id': 'aa56eb6468b3_fold0_s101_e12', 'family': 'mlp', 'score': 0.26248558090940527, 'seconds': 4.626900792000015}
screen c489ef5038cc_fold0_s101_e12 {'job_id': 'c489ef5038cc_fold0_s101_e12', 'family': 'mlp', 'score': 0.24196610838319493, 'seconds': 4.255174957999998}
screen aa56eb6468b3_fold1_s101_e12 {'job_id': 'aa56eb6468b3_fold1_s101_e12', 'family': 'mlp', 'score': 0.2624645934455937, 'seconds': 6.364509624999982}
screen c489ef5038cc_fold1_s101_e12 {'job_id': 'c489ef5038cc_fold1_s101_e12', 'family': 'mlp', 'score': 0.24333506508580693, 'seconds': 5.87394033299995}
screen fbd4562e909e_fold1_s101_e12 {'job_id': 'fbd4562e909e_fold1_s101_e12', 'family': 'mlp', 'score': 0.2622379845150843, 'seconds': 20.162790125000015}
screen 03c1c4796f70_fold0_s101_e12 {'job_id': '03c1c4796f70_fold0_s101_e12', 'family': 'mlp', 'score': 0.25235106881267483, 'seconds': 8.178285624999944}
screen 6fbe1d1d42c7_fold0_s101_e12 {'job_id': '6fbe1d1d42c7_fold0_s101_e12', 'family': 'mlp', 'score': 0.24459561640620167, 'seconds': 8.29248179199999}
screen 03c1c4796f70_fold1_s101_e12 {'job_id': '03c1c4796f70_fold1_s101_e12', 'family': 'mlp', 'score': 0.247528474191436, 'seconds': 13.23272750000001}
screen 6fbe1d1d42c7_fold1_s101_e12 {'job_id': '6fbe1d1d42c7_fold1_s101_e12', 'family': 'mlp', 'score': 0.24719572687036862, 'seconds': 11.428621000000021}
screen 299f3fec45ef_fold0_s101_e12 {'job_id': '299f3fec45ef_fold0_s101_e12', 'family': 'mlp', 'score': 0.2901026389186803, 'seconds': 16.179336000000035}
screen 3e6f8a34a92e_fold0_s101_e12 {'job_id': '3e6f8a34a92e_fold0_s101_e12', 'family': 'mlp', 'score': 0.2432151691113575, 'seconds': 14.739782541999944}
screen a277ad9d7c64_fold0_s101_e12 {'job_id': 'a277ad9d7c64_fold0_s101_e12', 'family': 'mlp', 'score': 0.2713738778234576, 'seconds': 5.984568917000047}
screen 299f3fec45ef_fold1_s101_e12 {'job_id': '299f3fec45ef_fold1_s101_e12', 'family': 'mlp', 'score': 0.24879625089872504, 'seconds': 22.57335691700007}
screen cf4f4c37918f_fold0_s101_e12 {'job_id': 'cf4f4c37918f_fold0_s101_e12', 'family': 'mlp', 'score': 0.25617561688353474, 'seconds': 5.241425000000049}
screen a277ad9d7c64_fold1_s101_e12 {'job_id': 'a277ad9d7c64_fold1_s101_e12', 'family': 'mlp', 'score': 0.25972893737774727, 'seconds': 8.198972457999957}
screen 3e6f8a34a92e_fold1_s101_e12 {'job_id': '3e6f8a34a92e_fold1_s101_e12', 'family': 'mlp', 'score': 0.25528239280822274, 'seconds': 19.361476208}
screen cf4f4c37918f_fold1_s101_e12 {'job_id': 'cf4f4c37918f_fold1_s101_e12', 'family': 'mlp', 'score': 0.27567036400149986, 'seconds': 7.140760207999961}
screen e290429b3178_fold0_s101_e12 {'job_id': 'e290429b3178_fold0_s101_e12', 'family': 'mlp', 'score': 0.2345252315961353, 'seconds': 11.318747667000025}
screen c44d6ed82173_fold0_s101_e12 {'job_id': 'c44d6ed82173_fold0_s101_e12', 'family': 'mlp', 'score': 0.23306795558149004, 'seconds': 9.713715374999992}
screen e290429b3178_fold1_s101_e12 {'job_id': 'e290429b3178_fold1_s101_e12', 'family': 'mlp', 'score': 0.2369776957382062, 'seconds': 16.282758417000082}
screen c44d6ed82173_fold1_s101_e12 {'job_id': 'c44d6ed82173_fold1_s101_e12', 'family': 'mlp', 'score': 0.24694441863239353, 'seconds': 13.15400291700007}
screen 162ebbc34641_fold0_s101_e12 {'job_id': '162ebbc34641_fold0_s101_e12', 'family': 'mlp', 'score': 0.2766919589972431, 'seconds': 19.499822041000016}
screen d6a1d77549de_fold0_s101_e12 {'job_id': 'd6a1d77549de_fold0_s101_e12', 'family': 'mlp', 'score': 0.2349217616609222, 'seconds': 16.174350667}
screen 162ebbc34641_fold1_s101_e12 {'job_id': '162ebbc34641_fold1_s101_e12', 'family': 'mlp', 'score': 0.26634898967783605, 'seconds': 26.197831791}
screen 90470f26f158_fold0_s101_e12 {'job_id': '90470f26f158_fold0_s101_e12', 'family': 'mlp', 'score': 0.27466071960376837, 'seconds': 7.260712125000055}
screen 731ba6f50105_fold0_s101_e12 {'job_id': '731ba6f50105_fold0_s101_e12', 'family': 'mlp', 'score': 0.26263948004861465, 'seconds': 6.23704695899994}
screen 90470f26f158_fold1_s101_e12 {'job_id': '90470f26f158_fold1_s101_e12', 'family': 'mlp', 'score': 0.26221752084820127, 'seconds': 10.108619958000077}
screen d6a1d77549de_fold1_s101_e12 {'job_id': 'd6a1d77549de_fold1_s101_e12', 'family': 'mlp', 'score': 0.24486043168840996, 'seconds': 21.56188366599997}
screen 731ba6f50105_fold1_s101_e12 {'job_id': '731ba6f50105_fold1_s101_e12', 'family': 'mlp', 'score': 0.2712065335665981, 'seconds': 8.391465124999968}
screen 57a4928bb5fc_fold0_s101_e12 {'job_id': '57a4928bb5fc_fold0_s101_e12', 'family': 'mlp', 'score': 0.22750293474614017, 'seconds': 12.543171082999947}
screen 57a4928bb5fc_fold1_s101_e12 {'job_id': '57a4928bb5fc_fold1_s101_e12', 'family': 'mlp', 'score': 0.25259280230490294, 'seconds': 17.66875891699999}
screen 0c94ea510bdb_fold0_s101_e12 {'job_id': '0c94ea510bdb_fold0_s101_e12', 'family': 'mlp', 'score': 0.2460609409876532, 'seconds': 10.39210416700007}
screen 0c94ea510bdb_fold1_s101_e12 {'job_id': '0c94ea510bdb_fold1_s101_e12', 'family': 'mlp', 'score': 0.2534865333334184, 'seconds': 13.979474582999956}
screen 8f53a55ea891_fold0_s101_e12 {'job_id': '8f53a55ea891_fold0_s101_e12', 'family': 'mlp', 'score': 0.2626159046425252, 'seconds': 21.38811874999999}
screen 12b2c0e19cdc_fold0_s101_e12 {'job_id': '12b2c0e19cdc_fold0_s101_e12', 'family': 'mlp', 'score': 0.24904918652625432, 'seconds': 17.606884958000023}
screen 8f53a55ea891_fold1_s101_e12 {'job_id': '8f53a55ea891_fold1_s101_e12', 'family': 'mlp', 'score': 0.26496254730593616, 'seconds': 29.19693099999995}
screen 12b2c0e19cdc_fold1_s101_e12 {'job_id': '12b2c0e19cdc_fold1_s101_e12', 'family': 'mlp', 'score': 0.23348406665308813, 'seconds': 21.824580416999993}
refinement e0be9cf9e3d8_fold0_s102_e48 {'job_id': 'e0be9cf9e3d8_fold0_s102_e48', 'family': 'attention', 'score': 0.27891248051750406, 'seconds': 38.337275334}
refinement e0be9cf9e3d8_fold0_s103_e48 {'job_id': 'e0be9cf9e3d8_fold0_s103_e48', 'family': 'attention', 'score': 0.25500299877218724, 'seconds': 38.450901125}
refinement e0be9cf9e3d8_fold1_s102_e48 {'job_id': 'e0be9cf9e3d8_fold1_s102_e48', 'family': 'attention', 'score': 0.2853415605001056, 'seconds': 50.928162375}
refinement fd361067037b_fold0_s102_e48 {'job_id': 'fd361067037b_fold0_s102_e48', 'family': 'attention', 'score': 0.2590842049364094, 'seconds': 41.906589999999994}
refinement e0be9cf9e3d8_fold1_s103_e48 {'job_id': 'e0be9cf9e3d8_fold1_s103_e48', 'family': 'attention', 'score': 0.2890640635852535, 'seconds': 44.820006375000006}
refinement fd361067037b_fold0_s103_e48 {'job_id': 'fd361067037b_fold0_s103_e48', 'family': 'attention', 'score': 0.24509106213959236, 'seconds': 42.051949625}
refinement fd48f45e2413_fold0_s102_e48 {'job_id': 'fd48f45e2413_fold0_s102_e48', 'family': 'attention', 'score': 0.2791237999725271, 'seconds': 32.254159208000004}
refinement fd361067037b_fold1_s102_e48 {'job_id': 'fd361067037b_fold1_s102_e48', 'family': 'attention', 'score': 0.28285066095459677, 'seconds': 58.22765687500001}
refinement fd361067037b_fold1_s103_e48 {'job_id': 'fd361067037b_fold1_s103_e48', 'family': 'attention', 'score': 0.2855671738759535, 'seconds': 58.36303437500001}
refinement fd48f45e2413_fold0_s103_e48 {'job_id': 'fd48f45e2413_fold0_s103_e48', 'family': 'attention', 'score': 0.2547933350536157, 'seconds': 35.180738584}
refinement fd48f45e2413_fold1_s102_e48 {'job_id': 'fd48f45e2413_fold1_s102_e48', 'family': 'attention', 'score': 0.28510593595107525, 'seconds': 48.19628716599999}
refinement fd48f45e2413_fold1_s103_e48 {'job_id': 'fd48f45e2413_fold1_s103_e48', 'family': 'attention', 'score': 0.2884426089769921, 'seconds': 48.273559750000004}
refinement a92ba273cde3_fold0_s102_e48 {'job_id': 'a92ba273cde3_fold0_s102_e48', 'family': 'attention', 'score': 0.2590470392674974, 'seconds': 41.887445584000005}
refinement a92ba273cde3_fold0_s103_e48 {'job_id': 'a92ba273cde3_fold0_s103_e48', 'family': 'attention', 'score': 0.24511241017369523, 'seconds': 41.63510654200002}
refinement a92ba273cde3_fold1_s102_e48 {'job_id': 'a92ba273cde3_fold1_s102_e48', 'family': 'attention', 'score': 0.28280388093246034, 'seconds': 58.110320624999986}
refinement a92ba273cde3_fold1_s103_e48 {'job_id': 'a92ba273cde3_fold1_s103_e48', 'family': 'attention', 'score': 0.28540898942049747, 'seconds': 57.73820362499998}
refinement f98af2dda6e3_fold0_s102_e48 {'job_id': 'f98af2dda6e3_fold0_s102_e48', 'family': 'attention', 'score': 0.21999658078342632, 'seconds': 32.31023916699999}
refinement f98af2dda6e3_fold0_s103_e48 {'job_id': 'f98af2dda6e3_fold0_s103_e48', 'family': 'attention', 'score': 0.21902483726901614, 'seconds': 36.013524666999984}
refinement f98af2dda6e3_fold1_s102_e48 {'job_id': 'f98af2dda6e3_fold1_s102_e48', 'family': 'attention', 'score': 0.26195666302355947, 'seconds': 48.435377415999994}
refinement f98af2dda6e3_fold1_s103_e48 {'job_id': 'f98af2dda6e3_fold1_s103_e48', 'family': 'attention', 'score': 0.26446892497854474, 'seconds': 48.45932133299999}
refinement 7dee67c63efd_fold0_s102_e48 {'job_id': '7dee67c63efd_fold0_s102_e48', 'family': 'attention', 'score': 0.23711077895523516, 'seconds': 41.45006012499999}
refinement 7dee67c63efd_fold0_s103_e48 {'job_id': '7dee67c63efd_fold0_s103_e48', 'family': 'attention', 'score': 0.21695962514021613, 'seconds': 41.64305962499998}
refinement 7dee67c63efd_fold1_s102_e48 {'job_id': '7dee67c63efd_fold1_s102_e48', 'family': 'attention', 'score': 0.2551564903099179, 'seconds': 57.89345300000002}
refinement 7568b09a1e0d_fold0_s102_e48 {'job_id': '7568b09a1e0d_fold0_s102_e48', 'family': 'attention', 'score': 0.22013319665357997, 'seconds': 32.26223333299998}
refinement 7dee67c63efd_fold1_s103_e48 {'job_id': '7dee67c63efd_fold1_s103_e48', 'family': 'attention', 'score': 0.2633238892640929, 'seconds': 57.90813883299995}
refinement 7568b09a1e0d_fold0_s103_e48 {'job_id': '7568b09a1e0d_fold0_s103_e48', 'family': 'attention', 'score': 0.21934808350297008, 'seconds': 35.13989429199995}
refinement 7568b09a1e0d_fold1_s102_e48 {'job_id': '7568b09a1e0d_fold1_s102_e48', 'family': 'attention', 'score': 0.2646291365822157, 'seconds': 47.878771416999996}
refinement 7568b09a1e0d_fold1_s103_e48 {'job_id': '7568b09a1e0d_fold1_s103_e48', 'family': 'attention', 'score': 0.26422899311126197, 'seconds': 47.88798604100003}
refinement 9d3686f5a626_fold0_s102_e48 {'job_id': '9d3686f5a626_fold0_s102_e48', 'family': 'attention', 'score': 0.2365002842308467, 'seconds': 41.326451874999975}
refinement 9d3686f5a626_fold0_s103_e48 {'job_id': '9d3686f5a626_fold0_s103_e48', 'family': 'attention', 'score': 0.21857834092445116, 'seconds': 41.59973500000001}
refinement 9d3686f5a626_fold1_s102_e48 {'job_id': '9d3686f5a626_fold1_s102_e48', 'family': 'attention', 'score': 0.2551235778881726, 'seconds': 57.84610966700001}
refinement 62729ac51649_fold0_s102_e24 {'job_id': '62729ac51649_fold0_s102_e24', 'family': 'attention', 'score': 0.2242392873370227, 'seconds': 20.84425325000001}
refinement 9d3686f5a626_fold1_s103_e48 {'job_id': '9d3686f5a626_fold1_s103_e48', 'family': 'attention', 'score': 0.2634384671990535, 'seconds': 57.66910274999998}
refinement 62729ac51649_fold0_s103_e24 {'job_id': '62729ac51649_fold0_s103_e24', 'family': 'attention', 'score': 0.22150747438635757, 'seconds': 21.102291374999993}
refinement 62729ac51649_fold1_s102_e24 {'job_id': '62729ac51649_fold1_s102_e24', 'family': 'attention', 'score': 0.26161766698039035, 'seconds': 29.207393540999988}
refinement 62729ac51649_fold1_s103_e24 {'job_id': '62729ac51649_fold1_s103_e24', 'family': 'attention', 'score': 0.26428973756589585, 'seconds': 28.975070000000073}
refinement af4f0d794691_fold0_s102_e48 {'job_id': 'af4f0d794691_fold0_s102_e48', 'family': 'attention', 'score': 0.2734875520266632, 'seconds': 28.950750874999926}
refinement af4f0d794691_fold0_s103_e48 {'job_id': 'af4f0d794691_fold0_s103_e48', 'family': 'attention', 'score': 0.26707362541524177, 'seconds': 31.15035850000004}
refinement af4f0d794691_fold1_s102_e48 {'job_id': 'af4f0d794691_fold1_s102_e48', 'family': 'attention', 'score': 0.27819194757994087, 'seconds': 44.455277249999995}
refinement af4f0d794691_fold1_s103_e48 {'job_id': 'af4f0d794691_fold1_s103_e48', 'family': 'attention', 'score': 0.31041110874708977, 'seconds': 43.61870291699995}
refinement 42250182a52f_fold0_s102_e48 {'job_id': '42250182a52f_fold0_s102_e48', 'family': 'attention', 'score': 0.2667772289094543, 'seconds': 35.505530333000024}
refinement 42250182a52f_fold0_s103_e48 {'job_id': '42250182a52f_fold0_s103_e48', 'family': 'attention', 'score': 0.26001506943964814, 'seconds': 34.36462041699997}
refinement 42250182a52f_fold1_s102_e48 {'job_id': '42250182a52f_fold1_s102_e48', 'family': 'attention', 'score': 0.2824462456913934, 'seconds': 47.52068129199995}
refinement 42250182a52f_fold1_s103_e48 {'job_id': '42250182a52f_fold1_s103_e48', 'family': 'attention', 'score': 0.30105719394877944, 'seconds': 47.75032937499998}
refinement 1e9601604c03_fold0_s102_e48 {'job_id': '1e9601604c03_fold0_s102_e48', 'family': 'attention', 'score': 0.2733594593525536, 'seconds': 29.69759462500008}
refinement 1e9601604c03_fold0_s103_e48 {'job_id': '1e9601604c03_fold0_s103_e48', 'family': 'attention', 'score': 0.26690399692733635, 'seconds': 32.019426374999966}
refinement 1e9601604c03_fold1_s102_e48 {'job_id': '1e9601604c03_fold1_s102_e48', 'family': 'attention', 'score': 0.2781901789937653, 'seconds': 44.35185666699999}
refinement 1e9601604c03_fold1_s103_e48 {'job_id': '1e9601604c03_fold1_s103_e48', 'family': 'attention', 'score': 0.3103344302023434, 'seconds': 44.23120445799998}
refinement a60d479e355b_fold0_s102_e48 {'job_id': 'a60d479e355b_fold0_s102_e48', 'family': 'attention', 'score': 0.26675674061003285, 'seconds': 36.37014537499999}
refinement a60d479e355b_fold0_s103_e48 {'job_id': 'a60d479e355b_fold0_s103_e48', 'family': 'attention', 'score': 0.26002811854034136, 'seconds': 36.26544395899998}
refinement a60d479e355b_fold1_s102_e48 {'job_id': 'a60d479e355b_fold1_s102_e48', 'family': 'attention', 'score': 0.28245012379287376, 'seconds': 50.24642091699991}
refinement cf73fa305e1b_fold0_s102_e48 {'job_id': 'cf73fa305e1b_fold0_s102_e48', 'family': 'attention', 'score': 0.2217612165099455, 'seconds': 30.739775957999996}
refinement a60d479e355b_fold1_s103_e48 {'job_id': 'a60d479e355b_fold1_s103_e48', 'family': 'attention', 'score': 0.3010103233028106, 'seconds': 49.63384066699996}
refinement cf73fa305e1b_fold0_s103_e48 {'job_id': 'cf73fa305e1b_fold0_s103_e48', 'family': 'attention', 'score': 0.2311599133122221, 'seconds': 31.850576958000033}
refinement cf73fa305e1b_fold1_s102_e48 {'job_id': 'cf73fa305e1b_fold1_s102_e48', 'family': 'attention', 'score': 0.24460850463695957, 'seconds': 44.436090124999964}
refinement cf73fa305e1b_fold1_s103_e48 {'job_id': 'cf73fa305e1b_fold1_s103_e48', 'family': 'attention', 'score': 0.2732708379007104, 'seconds': 44.446398875}
refinement 21643a712016_fold0_s102_e48 {'job_id': '21643a712016_fold0_s102_e48', 'family': 'attention', 'score': 0.22234997586166697, 'seconds': 36.048964959000045}
refinement 21643a712016_fold0_s103_e48 {'job_id': '21643a712016_fold0_s103_e48', 'family': 'attention', 'score': 0.20959717058316604, 'seconds': 34.74130683300007}
refinement 21643a712016_fold1_s102_e48 {'job_id': '21643a712016_fold1_s102_e48', 'family': 'attention', 'score': 0.252364333965715, 'seconds': 48.07425975000001}
refinement 21643a712016_fold1_s103_e48 {'job_id': '21643a712016_fold1_s103_e48', 'family': 'attention', 'score': 0.2864873475594747, 'seconds': 47.74234258299998}
refinement 7510c010a88c_fold0_s102_e48 {'job_id': '7510c010a88c_fold0_s102_e48', 'family': 'attention', 'score': 0.22186936712667066, 'seconds': 30.268007582999985}
refinement 7510c010a88c_fold0_s103_e48 {'job_id': '7510c010a88c_fold0_s103_e48', 'family': 'attention', 'score': 0.23109448198845292, 'seconds': 31.90289800000005}
refinement 7510c010a88c_fold1_s102_e48 {'job_id': '7510c010a88c_fold1_s102_e48', 'family': 'attention', 'score': 0.24414253708672914, 'seconds': 44.758751792}
refinement 7510c010a88c_fold1_s103_e48 {'job_id': '7510c010a88c_fold1_s103_e48', 'family': 'attention', 'score': 0.2744710715124943, 'seconds': 44.07375037499992}
refinement cc82add68d8c_fold0_s102_e48 {'job_id': 'cc82add68d8c_fold0_s102_e48', 'family': 'attention', 'score': 0.22181106358887054, 'seconds': 35.38093754200008}
refinement cc82add68d8c_fold0_s103_e48 {'job_id': 'cc82add68d8c_fold0_s103_e48', 'family': 'attention', 'score': 0.20891711206431868, 'seconds': 33.775984249999965}
refinement 290a59886ff7_fold0_s102_e24 {'job_id': '290a59886ff7_fold0_s102_e24', 'family': 'attention', 'score': 0.2234258203513977, 'seconds': 16.76438333300007}
refinement cc82add68d8c_fold1_s102_e48 {'job_id': 'cc82add68d8c_fold1_s102_e48', 'family': 'attention', 'score': 0.2517718867025543, 'seconds': 46.426866625}
refinement cc82add68d8c_fold1_s103_e48 {'job_id': 'cc82add68d8c_fold1_s103_e48', 'family': 'attention', 'score': 0.2862322019161977, 'seconds': 46.52754708400005}
refinement 290a59886ff7_fold0_s103_e24 {'job_id': '290a59886ff7_fold0_s103_e24', 'family': 'attention', 'score': 0.2259743903688529, 'seconds': 16.608605250000096}
refinement 290a59886ff7_fold1_s102_e24 {'job_id': '290a59886ff7_fold1_s102_e24', 'family': 'attention', 'score': 0.25481609542053607, 'seconds': 22.770873292000033}
refinement a3eada2001bf_fold0_s102_e24 {'job_id': 'a3eada2001bf_fold0_s102_e24', 'family': 'attention', 'score': 0.27493666946867457, 'seconds': 13.054899999999975}
refinement 290a59886ff7_fold1_s103_e24 {'job_id': '290a59886ff7_fold1_s103_e24', 'family': 'attention', 'score': 0.27971302117788255, 'seconds': 22.493589833999977}
refinement a3eada2001bf_fold0_s103_e24 {'job_id': 'a3eada2001bf_fold0_s103_e24', 'family': 'attention', 'score': 0.2584172576434976, 'seconds': 12.981078583999988}
refinement a3eada2001bf_fold1_s102_e24 {'job_id': 'a3eada2001bf_fold1_s102_e24', 'family': 'attention', 'score': 0.2891519492022991, 'seconds': 18.050110874999973}
refinement a3eada2001bf_fold1_s103_e24 {'job_id': 'a3eada2001bf_fold1_s103_e24', 'family': 'attention', 'score': 0.30187479490235297, 'seconds': 18.145880333999912}
refinement b1e0a1b0b285_fold0_s102_e48 {'job_id': 'b1e0a1b0b285_fold0_s102_e48', 'family': 'mlp', 'score': 0.31044980003996425, 'seconds': 30.84726337500001}
refinement b1e0a1b0b285_fold0_s103_e48 {'job_id': 'b1e0a1b0b285_fold0_s103_e48', 'family': 'mlp', 'score': 0.3126287891677136, 'seconds': 31.06808283299995}
refinement b1e0a1b0b285_fold1_s102_e48 {'job_id': 'b1e0a1b0b285_fold1_s102_e48', 'family': 'mlp', 'score': 0.3097997296814666, 'seconds': 43.08756899999992}
refinement 91442bd4090a_fold0_s102_e48 {'job_id': '91442bd4090a_fold0_s102_e48', 'family': 'mlp', 'score': 0.28795113124098654, 'seconds': 32.583219750000126}
refinement b1e0a1b0b285_fold1_s103_e48 {'job_id': 'b1e0a1b0b285_fold1_s103_e48', 'family': 'mlp', 'score': 0.3180851469828136, 'seconds': 43.07997624999996}
refinement 91442bd4090a_fold0_s103_e48 {'job_id': '91442bd4090a_fold0_s103_e48', 'family': 'mlp', 'score': 0.28527246093582576, 'seconds': 32.70814179199988}
refinement 91442bd4090a_fold1_s102_e48 {'job_id': '91442bd4090a_fold1_s102_e48', 'family': 'mlp', 'score': 0.3080163388365005, 'seconds': 45.23926137499984}
refinement d79620fe0d39_fold0_s102_e48 {'job_id': 'd79620fe0d39_fold0_s102_e48', 'family': 'mlp', 'score': 0.3104577588478975, 'seconds': 31.15162083400014}
refinement 91442bd4090a_fold1_s103_e48 {'job_id': '91442bd4090a_fold1_s103_e48', 'family': 'mlp', 'score': 0.31127714089029485, 'seconds': 45.24125600000002}
refinement d79620fe0d39_fold0_s103_e48 {'job_id': 'd79620fe0d39_fold0_s103_e48', 'family': 'mlp', 'score': 0.3125809405320675, 'seconds': 31.053394417000163}
refinement d79620fe0d39_fold1_s102_e48 {'job_id': 'd79620fe0d39_fold1_s102_e48', 'family': 'mlp', 'score': 0.30978681082607096, 'seconds': 43.35604845800003}
refinement d79620fe0d39_fold1_s103_e48 {'job_id': 'd79620fe0d39_fold1_s103_e48', 'family': 'mlp', 'score': 0.3179828357969211, 'seconds': 43.31234437499984}
refinement a910cdca3329_fold0_s102_e48 {'job_id': 'a910cdca3329_fold0_s102_e48', 'family': 'mlp', 'score': 0.28797059142844694, 'seconds': 33.04790316599997}
refinement a910cdca3329_fold0_s103_e48 {'job_id': 'a910cdca3329_fold0_s103_e48', 'family': 'mlp', 'score': 0.2852939736572943, 'seconds': 32.87421383300011}
refinement a910cdca3329_fold1_s102_e48 {'job_id': 'a910cdca3329_fold1_s102_e48', 'family': 'mlp', 'score': 0.3078675981587226, 'seconds': 45.43533654199996}
refinement dac5256c7bde_fold0_s102_e48 {'job_id': 'dac5256c7bde_fold0_s102_e48', 'family': 'mlp', 'score': 0.23537165330157633, 'seconds': 31.135406375000002}
refinement a910cdca3329_fold1_s103_e48 {'job_id': 'a910cdca3329_fold1_s103_e48', 'family': 'mlp', 'score': 0.3111589800470781, 'seconds': 45.22978441700002}
refinement dac5256c7bde_fold0_s103_e48 {'job_id': 'dac5256c7bde_fold0_s103_e48', 'family': 'mlp', 'score': 0.24342806190752486, 'seconds': 31.083322500000122}
refinement dac5256c7bde_fold1_s102_e48 {'job_id': 'dac5256c7bde_fold1_s102_e48', 'family': 'mlp', 'score': 0.27324476582009405, 'seconds': 43.16301287500005}
refinement dac5256c7bde_fold1_s103_e48 {'job_id': 'dac5256c7bde_fold1_s103_e48', 'family': 'mlp', 'score': 0.2671478958890385, 'seconds': 43.11580145800008}
refinement 637d2163eceb_fold0_s102_e48 {'job_id': '637d2163eceb_fold0_s102_e48', 'family': 'mlp', 'score': 0.22226591300930404, 'seconds': 32.595200458000136}
refinement 637d2163eceb_fold0_s103_e48 {'job_id': '637d2163eceb_fold0_s103_e48', 'family': 'mlp', 'score': 0.22845998897981434, 'seconds': 32.73054029199989}
refinement 637d2163eceb_fold1_s102_e48 {'job_id': '637d2163eceb_fold1_s102_e48', 'family': 'mlp', 'score': 0.2619399045458641, 'seconds': 45.31822095799998}
refinement 637d2163eceb_fold1_s103_e48 {'job_id': '637d2163eceb_fold1_s103_e48', 'family': 'mlp', 'score': 0.26225886990108205, 'seconds': 45.347987041999886}
refinement 5e25bbeebe7d_fold0_s102_e48 {'job_id': '5e25bbeebe7d_fold0_s102_e48', 'family': 'mlp', 'score': 0.23501635928358316, 'seconds': 31.141767500000014}
refinement 5e25bbeebe7d_fold0_s103_e48 {'job_id': '5e25bbeebe7d_fold0_s103_e48', 'family': 'mlp', 'score': 0.2436138495752322, 'seconds': 31.07847133400014}
refinement 5e25bbeebe7d_fold1_s102_e48 {'job_id': '5e25bbeebe7d_fold1_s102_e48', 'family': 'mlp', 'score': 0.26764552565245725, 'seconds': 43.101420624999946}
refinement 5e25bbeebe7d_fold1_s103_e48 {'job_id': '5e25bbeebe7d_fold1_s103_e48', 'family': 'mlp', 'score': 0.2664380940865628, 'seconds': 43.165376208}
refinement 896b6cf6dc37_fold0_s102_e48 {'job_id': '896b6cf6dc37_fold0_s102_e48', 'family': 'mlp', 'score': 0.22283539918337153, 'seconds': 32.607894375000114}
refinement 896b6cf6dc37_fold0_s103_e48 {'job_id': '896b6cf6dc37_fold0_s103_e48', 'family': 'mlp', 'score': 0.22879141843756176, 'seconds': 32.63684883399992}
refinement f970e0f85b74_fold0_s102_e24 {'job_id': 'f970e0f85b74_fold0_s102_e24', 'family': 'mlp', 'score': 0.23745263465569436, 'seconds': 16.429323249999925}
refinement 896b6cf6dc37_fold1_s102_e48 {'job_id': '896b6cf6dc37_fold1_s102_e48', 'family': 'mlp', 'score': 0.2617348032358837, 'seconds': 45.41120991599996}
refinement 896b6cf6dc37_fold1_s103_e48 {'job_id': '896b6cf6dc37_fold1_s103_e48', 'family': 'mlp', 'score': 0.26214250002284045, 'seconds': 45.444147750000184}
refinement f970e0f85b74_fold0_s103_e24 {'job_id': 'f970e0f85b74_fold0_s103_e24', 'family': 'mlp', 'score': 0.2369812835854042, 'seconds': 16.553165584}
refinement f970e0f85b74_fold1_s102_e24 {'job_id': 'f970e0f85b74_fold1_s102_e24', 'family': 'mlp', 'score': 0.2641793102345609, 'seconds': 23.24613958299983}
refinement f970e0f85b74_fold1_s103_e24 {'job_id': 'f970e0f85b74_fold1_s103_e24', 'family': 'mlp', 'score': 0.26899538964824493, 'seconds': 23.206124833999866}
refinement 53ab0433e184_fold0_s102_e48 {'job_id': '53ab0433e184_fold0_s102_e48', 'family': 'mlp', 'score': 0.3006111387779635, 'seconds': 39.25929745899998}
refinement 53ab0433e184_fold0_s103_e48 {'job_id': '53ab0433e184_fold0_s103_e48', 'family': 'mlp', 'score': 0.2979678325996033, 'seconds': 43.231371957999954}
refinement 53ab0433e184_fold1_s102_e48 {'job_id': '53ab0433e184_fold1_s102_e48', 'family': 'mlp', 'score': 0.2750845164540727, 'seconds': 60.642360499999995}
refinement 53ab0433e184_fold1_s103_e48 {'job_id': '53ab0433e184_fold1_s103_e48', 'family': 'mlp', 'score': 0.30115648567279074, 'seconds': 60.03315116700014}
refinement 0a61514ab4ec_fold0_s102_e48 {'job_id': '0a61514ab4ec_fold0_s102_e48', 'family': 'mlp', 'score': 0.2799466428164928, 'seconds': 49.04054362499983}
refinement 0a61514ab4ec_fold0_s103_e48 {'job_id': '0a61514ab4ec_fold0_s103_e48', 'family': 'mlp', 'score': 0.28375487598131177, 'seconds': 49.21023529100012}
refinement 0a61514ab4ec_fold1_s102_e48 {'job_id': '0a61514ab4ec_fold1_s102_e48', 'family': 'mlp', 'score': 0.25998612649933167, 'seconds': 67.72684279200007}
refinement 3f04d10815af_fold0_s102_e48 {'job_id': '3f04d10815af_fold0_s102_e48', 'family': 'mlp', 'score': 0.29934737598961964, 'seconds': 43.21686950000003}
refinement 0a61514ab4ec_fold1_s103_e48 {'job_id': '0a61514ab4ec_fold1_s103_e48', 'family': 'mlp', 'score': 0.2903696867872245, 'seconds': 68.1527900000001}
refinement 3f04d10815af_fold0_s103_e48 {'job_id': '3f04d10815af_fold0_s103_e48', 'family': 'mlp', 'score': 0.29790732351429233, 'seconds': 43.56289433400002}
refinement 3f04d10815af_fold1_s102_e48 {'job_id': '3f04d10815af_fold1_s102_e48', 'family': 'mlp', 'score': 0.2749074616843946, 'seconds': 60.493015125000056}
refinement 3f04d10815af_fold1_s103_e48 {'job_id': '3f04d10815af_fold1_s103_e48', 'family': 'mlp', 'score': 0.3008280629263157, 'seconds': 60.24460933399996}
refinement ce6317ab6d4f_fold0_s102_e48 {'job_id': 'ce6317ab6d4f_fold0_s102_e48', 'family': 'mlp', 'score': 0.2799217185005907, 'seconds': 49.08318237499998}
refinement ce6317ab6d4f_fold0_s103_e48 {'job_id': 'ce6317ab6d4f_fold0_s103_e48', 'family': 'mlp', 'score': 0.28370289779037916, 'seconds': 48.764001333999886}
refinement ce6317ab6d4f_fold1_s102_e48 {'job_id': 'ce6317ab6d4f_fold1_s102_e48', 'family': 'mlp', 'score': 0.2599055988183901, 'seconds': 67.803795584}
refinement ce6317ab6d4f_fold1_s103_e48 {'job_id': 'ce6317ab6d4f_fold1_s103_e48', 'family': 'mlp', 'score': 0.2901820746744438, 'seconds': 67.76734916700002}
refinement 6f5aa314022b_fold0_s102_e48 {'job_id': '6f5aa314022b_fold0_s102_e48', 'family': 'mlp', 'score': 0.2333421711575543, 'seconds': 43.405995000000075}
refinement 6f5aa314022b_fold0_s103_e48 {'job_id': '6f5aa314022b_fold0_s103_e48', 'family': 'mlp', 'score': 0.23645446348524948, 'seconds': 44.083373458000096}
refinement 6f5aa314022b_fold1_s102_e48 {'job_id': '6f5aa314022b_fold1_s102_e48', 'family': 'mlp', 'score': 0.25574778929411546, 'seconds': 61.297406249999995}
refinement 6f5aa314022b_fold1_s103_e48 {'job_id': '6f5aa314022b_fold1_s103_e48', 'family': 'mlp', 'score': 0.27307619506438763, 'seconds': 61.671828416999915}
refinement cf58a2426d68_fold0_s102_e48 {'job_id': 'cf58a2426d68_fold0_s102_e48', 'family': 'mlp', 'score': 0.22478978067909752, 'seconds': 49.735754583000016}
refinement cf58a2426d68_fold0_s103_e48 {'job_id': 'cf58a2426d68_fold0_s103_e48', 'family': 'mlp', 'score': 0.20544243672626178, 'seconds': 49.372738875000096}
refinement cf58a2426d68_fold1_s102_e48 {'job_id': 'cf58a2426d68_fold1_s102_e48', 'family': 'mlp', 'score': 0.23551574492012367, 'seconds': 69.34269675000019}
refinement cf58a2426d68_fold1_s103_e48 {'job_id': 'cf58a2426d68_fold1_s103_e48', 'family': 'mlp', 'score': 0.2743688103422925, 'seconds': 69.34626341699982}
refinement 1d3fa124a84b_fold0_s102_e48 {'job_id': '1d3fa124a84b_fold0_s102_e48', 'family': 'mlp', 'score': 0.2286356010576783, 'seconds': 44.13798541599999}
refinement 1d3fa124a84b_fold0_s103_e48 {'job_id': '1d3fa124a84b_fold0_s103_e48', 'family': 'mlp', 'score': 0.23611943895687043, 'seconds': 43.854598832999955}
refinement 1d3fa124a84b_fold1_s102_e48 {'job_id': '1d3fa124a84b_fold1_s102_e48', 'family': 'mlp', 'score': 0.25584364353183386, 'seconds': 60.39555412499999}
refinement 1d3fa124a84b_fold1_s103_e48 {'job_id': '1d3fa124a84b_fold1_s103_e48', 'family': 'mlp', 'score': 0.27254712749765203, 'seconds': 60.07958170799998}
refinement 3e2a5e6a43aa_fold0_s102_e48 {'job_id': '3e2a5e6a43aa_fold0_s102_e48', 'family': 'mlp', 'score': 0.2265007145004202, 'seconds': 49.86024987499991}
refinement 3e2a5e6a43aa_fold0_s103_e48 {'job_id': '3e2a5e6a43aa_fold0_s103_e48', 'family': 'mlp', 'score': 0.20577084822871805, 'seconds': 49.94321679100017}
refinement e290429b3178_fold0_s102_e24 {'job_id': 'e290429b3178_fold0_s102_e24', 'family': 'mlp', 'score': 0.23018340192765874, 'seconds': 24.610125791999963}
refinement 3e2a5e6a43aa_fold1_s102_e48 {'job_id': '3e2a5e6a43aa_fold1_s102_e48', 'family': 'mlp', 'score': 0.23687301939639732, 'seconds': 68.5864912909999}
refinement 3e2a5e6a43aa_fold1_s103_e48 {'job_id': '3e2a5e6a43aa_fold1_s103_e48', 'family': 'mlp', 'score': 0.27418368885678407, 'seconds': 68.48760437500005}
refinement e290429b3178_fold0_s103_e24 {'job_id': 'e290429b3178_fold0_s103_e24', 'family': 'mlp', 'score': 0.2218594717194872, 'seconds': 24.622338333000016}
refinement e290429b3178_fold1_s102_e24 {'job_id': 'e290429b3178_fold1_s102_e24', 'family': 'mlp', 'score': 0.24612957698365287, 'seconds': 31.115724250000085}
refinement 32d5fa0f5e66_fold0_s102_e24 {'job_id': '32d5fa0f5e66_fold0_s102_e24', 'family': 'mlp', 'score': 0.28551089048970535, 'seconds': 12.205897875000119}
refinement e290429b3178_fold1_s103_e24 {'job_id': 'e290429b3178_fold1_s103_e24', 'family': 'mlp', 'score': 0.2703350064649096, 'seconds': 29.22522137499982}
refinement 32d5fa0f5e66_fold0_s103_e24 {'job_id': '32d5fa0f5e66_fold0_s103_e24', 'family': 'mlp', 'score': 0.3319148757156492, 'seconds': 12.163589792000039}
refinement 32d5fa0f5e66_fold1_s102_e24 {'job_id': '32d5fa0f5e66_fold1_s102_e24', 'family': 'mlp', 'score': 0.30328185102106914, 'seconds': 16.836600999999973}
refinement 32d5fa0f5e66_fold1_s103_e24 {'job_id': '32d5fa0f5e66_fold1_s103_e24', 'family': 'mlp', 'score': 0.33505422682672237, 'seconds': 16.716072041999723}
refinement d42c2271a6d9_fold0_s102_e48 {'job_id': 'd42c2271a6d9_fold0_s102_e48', 'family': 'local_mlp', 'score': 0.44840909672480783, 'seconds': 435.88438074999976}
refinement d42c2271a6d9_fold0_s103_e48 {'job_id': 'd42c2271a6d9_fold0_s103_e48', 'family': 'local_mlp', 'score': 0.4599830721944014, 'seconds': 436.66049279200024}
refinement d42c2271a6d9_fold1_s102_e48 {'job_id': 'd42c2271a6d9_fold1_s102_e48', 'family': 'local_mlp', 'score': 0.6011073763437481, 'seconds': 611.4823584589999}
refinement c86c0086e94d_fold0_s102_e48 {'job_id': 'c86c0086e94d_fold0_s102_e48', 'family': 'local_mlp', 'score': 0.40725182531743087, 'seconds': 541.6887913329997}
refinement d42c2271a6d9_fold1_s103_e48 {'job_id': 'd42c2271a6d9_fold1_s103_e48', 'family': 'local_mlp', 'score': 0.46006084268222963, 'seconds': 600.1212521250004}
refinement c86c0086e94d_fold0_s103_e48 {'job_id': 'c86c0086e94d_fold0_s103_e48', 'family': 'local_mlp', 'score': 0.47351634288294214, 'seconds': 536.2092226250002}
refinement 5fcebcc1d07e_fold0_s102_e48 {'job_id': '5fcebcc1d07e_fold0_s102_e48', 'family': 'local_mlp', 'score': 0.4483993556138236, 'seconds': 519.0961457089998}
refinement c86c0086e94d_fold1_s102_e48 {'job_id': 'c86c0086e94d_fold1_s102_e48', 'family': 'local_mlp', 'score': 0.6058765111973542, 'seconds': 902.06997125}
refinement c86c0086e94d_fold1_s103_e48 {'job_id': 'c86c0086e94d_fold1_s103_e48', 'family': 'local_mlp', 'score': 0.466570153905187, 'seconds': 924.8302945410001}
refinement 5fcebcc1d07e_fold0_s103_e48 {'job_id': '5fcebcc1d07e_fold0_s103_e48', 'family': 'local_mlp', 'score': 0.46045545610168404, 'seconds': 595.7268170410002}
refinement 5fcebcc1d07e_fold1_s102_e48 {'job_id': '5fcebcc1d07e_fold1_s102_e48', 'family': 'local_mlp', 'score': 0.6024176239968677, 'seconds': 811.5672866669997}
refinement 5fcebcc1d07e_fold1_s103_e48 {'job_id': '5fcebcc1d07e_fold1_s103_e48', 'family': 'local_mlp', 'score': 0.46053132267368624, 'seconds': 807.3062799999998}
refinement 67873b0008b7_fold0_s102_e48 {'job_id': '67873b0008b7_fold0_s102_e48', 'family': 'local_mlp', 'score': 0.4075414279547459, 'seconds': 718.6204122910003}
refinement 67873b0008b7_fold0_s103_e48 {'job_id': '67873b0008b7_fold0_s103_e48', 'family': 'local_mlp', 'score': 0.47354462693363847, 'seconds': 669.2970314999993}
refinement 67873b0008b7_fold1_s102_e48 {'job_id': '67873b0008b7_fold1_s102_e48', 'family': 'local_mlp', 'score': 0.6067363967102747, 'seconds': 870.4030785410005}
refinement 870ed66d2b4d_fold0_s102_e48 {'job_id': '870ed66d2b4d_fold0_s102_e48', 'family': 'local_mlp', 'score': 0.42548801042883766, 'seconds': 472.49684716699994}
refinement 67873b0008b7_fold1_s103_e48 {'job_id': '67873b0008b7_fold1_s103_e48', 'family': 'local_mlp', 'score': 0.466068172873902, 'seconds': 867.0064273329999}
refinement 870ed66d2b4d_fold0_s103_e48 {'job_id': '870ed66d2b4d_fold0_s103_e48', 'family': 'local_mlp', 'score': 0.4309950042111015, 'seconds': 553.2125691660003}
refinement 870ed66d2b4d_fold1_s102_e48 {'job_id': '870ed66d2b4d_fold1_s102_e48', 'family': 'local_mlp', 'score': 0.49463168613055897, 'seconds': 803.828994167}
refinement 870ed66d2b4d_fold1_s103_e48 {'job_id': '870ed66d2b4d_fold1_s103_e48', 'family': 'local_mlp', 'score': 0.3327812025924303, 'seconds': 806.3527102500002}
refinement 5c88c66c8908_fold0_s102_e48 {'job_id': '5c88c66c8908_fold0_s102_e48', 'family': 'local_mlp', 'score': 0.27488430203529296, 'seconds': 740.7408010419995}
refinement 5c88c66c8908_fold0_s103_e48 {'job_id': '5c88c66c8908_fold0_s103_e48', 'family': 'local_mlp', 'score': 0.40002214309598727, 'seconds': 721.4742988329999}
refinement 5c88c66c8908_fold1_s102_e48 {'job_id': '5c88c66c8908_fold1_s102_e48', 'family': 'local_mlp', 'score': 0.4846913230212499, 'seconds': 998.209330791}
refinement f1b4d5dec1b3_fold0_s102_e48 {'job_id': 'f1b4d5dec1b3_fold0_s102_e48', 'family': 'local_mlp', 'score': 0.44218645630956077, 'seconds': 549.5075440420005}
refinement 5c88c66c8908_fold1_s103_e48 {'job_id': '5c88c66c8908_fold1_s103_e48', 'family': 'local_mlp', 'score': 0.34438119051184723, 'seconds': 984.6293907079998}
refinement f1b4d5dec1b3_fold0_s103_e48 {'job_id': 'f1b4d5dec1b3_fold0_s103_e48', 'family': 'local_mlp', 'score': 0.43185071863796376, 'seconds': 532.9403469159997}
refinement f1b4d5dec1b3_fold1_s102_e48 {'job_id': 'f1b4d5dec1b3_fold1_s102_e48', 'family': 'local_mlp', 'score': 0.5102799652226524, 'seconds': 682.7758802910002}
refinement f1b4d5dec1b3_fold1_s103_e48 {'job_id': 'f1b4d5dec1b3_fold1_s103_e48', 'family': 'local_mlp', 'score': 0.3370037720934761, 'seconds': 683.8063150839989}
refinement 112ac5023634_fold0_s102_e48 {'job_id': '112ac5023634_fold0_s102_e48', 'family': 'local_mlp', 'score': 0.2721655327314951, 'seconds': 635.1685771249995}
refinement 112ac5023634_fold0_s103_e48 {'job_id': '112ac5023634_fold0_s103_e48', 'family': 'local_mlp', 'score': 0.39815279827636174, 'seconds': 716.6147709999987}
refinement 112ac5023634_fold1_s102_e48 {'job_id': '112ac5023634_fold1_s102_e48', 'family': 'local_mlp', 'score': 0.49169329350300334, 'seconds': 991.6242980000006}
refinement 146bcf513d5e_fold0_s102_e24 {'job_id': '146bcf513d5e_fold0_s102_e24', 'family': 'local_mlp', 'score': 0.3845607725571921, 'seconds': 352.9614337080002}
refinement 112ac5023634_fold1_s103_e48 {'job_id': '112ac5023634_fold1_s103_e48', 'family': 'local_mlp', 'score': 0.3360004724856816, 'seconds': 997.6901424169992}
refinement 146bcf513d5e_fold0_s103_e24 {'job_id': '146bcf513d5e_fold0_s103_e24', 'family': 'local_mlp', 'score': 0.42975677509695687, 'seconds': 364.4506619169988}
refinement 146bcf513d5e_fold1_s102_e24 {'job_id': '146bcf513d5e_fold1_s102_e24', 'family': 'local_mlp', 'score': 0.5117947143195007, 'seconds': 451.9437964589997}
refinement 146bcf513d5e_fold1_s103_e24 {'job_id': '146bcf513d5e_fold1_s103_e24', 'family': 'local_mlp', 'score': 0.3379989234707185, 'seconds': 381.9827251250008}
final f98af2dda6e3_full_s203_e48 {'job_id': 'f98af2dda6e3_full_s203_e48', 'family': 'attention', 'score': 0.2162515465591712, 'seconds': 70.587104375}
final f98af2dda6e3_full_s201_e48 {'job_id': 'f98af2dda6e3_full_s201_e48', 'family': 'attention', 'score': 0.20895349192971135, 'seconds': 71.162838291}
final f98af2dda6e3_full_s202_e48 {'job_id': 'f98af2dda6e3_full_s202_e48', 'family': 'attention', 'score': 0.21547803090970502, 'seconds': 71.348454083}
final f98af2dda6e3_full_s204_e48 {'job_id': 'f98af2dda6e3_full_s204_e48', 'family': 'attention', 'score': 0.2085428428703043, 'seconds': 70.69256400000002}
final f98af2dda6e3_full_s205_e48 {'job_id': 'f98af2dda6e3_full_s205_e48', 'family': 'attention', 'score': 0.21637907624477448, 'seconds': 71.13279474999999}
final f98af2dda6e3_full_s206_e48 {'job_id': 'f98af2dda6e3_full_s206_e48', 'family': 'attention', 'score': 0.21637137530240746, 'seconds': 71.35400520799999}
final cf58a2426d68_full_s201_e48 {'job_id': 'cf58a2426d68_full_s201_e48', 'family': 'mlp', 'score': 0.22746935066875512, 'seconds': 90.45059499999999}
final cf58a2426d68_full_s202_e48 {'job_id': 'cf58a2426d68_full_s202_e48', 'family': 'mlp', 'score': 0.21302065508376622, 'seconds': 91.25505387499999}
final cf58a2426d68_full_s203_e48 {'job_id': 'cf58a2426d68_full_s203_e48', 'family': 'mlp', 'score': 0.22656775990192846, 'seconds': 91.40527574999999}
final cf58a2426d68_full_s204_e48 {'job_id': 'cf58a2426d68_full_s204_e48', 'family': 'mlp', 'score': 0.23623164030186783, 'seconds': 90.77327970900001}
final cf58a2426d68_full_s205_e48 {'job_id': 'cf58a2426d68_full_s205_e48', 'family': 'mlp', 'score': 0.2172221715055677, 'seconds': 91.459486666}
final cf58a2426d68_full_s206_e48 {'job_id': 'cf58a2426d68_full_s206_e48', 'family': 'mlp', 'score': 0.21390170058635827, 'seconds': 91.86428991600002}
final 112ac5023634_full_s201_e48 {'job_id': '112ac5023634_full_s201_e48', 'family': 'local_mlp', 'score': 0.4080073095334972, 'seconds': 1225.8460689160001}
final 112ac5023634_full_s203_e48 {'job_id': '112ac5023634_full_s203_e48', 'family': 'local_mlp', 'score': 0.20477868788946518, 'seconds': 1253.2555308330002}
final 112ac5023634_full_s202_e48 {'job_id': '112ac5023634_full_s202_e48', 'family': 'local_mlp', 'score': 0.3432674165962222, 'seconds': 1256.26146575}
final 112ac5023634_full_s204_e48 {'job_id': '112ac5023634_full_s204_e48', 'family': 'local_mlp', 'score': 0.3033377089072218, 'seconds': 1774.5364420839999}
final a3eada2001bf_full_s201_e24 {'job_id': 'a3eada2001bf_full_s201_e24', 'family': 'attention', 'score': 0.26648409515640986, 'seconds': 36.34666675000017}
final 112ac5023634_full_s205_e48 {'job_id': '112ac5023634_full_s205_e48', 'family': 'local_mlp', 'score': 0.39172484822385284, 'seconds': 1793.043152084}
final 112ac5023634_full_s206_e48 {'job_id': '112ac5023634_full_s206_e48', 'family': 'local_mlp', 'score': 0.22124329648214708, 'seconds': 1793.8005155419999}
final a3eada2001bf_full_s202_e24 {'job_id': 'a3eada2001bf_full_s202_e24', 'family': 'attention', 'score': 0.26565585022280025, 'seconds': 31.269905707999897}
final a3eada2001bf_full_s203_e24 {'job_id': 'a3eada2001bf_full_s203_e24', 'family': 'attention', 'score': 0.2406648288087346, 'seconds': 27.47753337500035}
final a3eada2001bf_full_s204_e24 {'job_id': 'a3eada2001bf_full_s204_e24', 'family': 'attention', 'score': 0.2874027323186452, 'seconds': 26.936248292000073}
final a3eada2001bf_full_s205_e24 {'job_id': 'a3eada2001bf_full_s205_e24', 'family': 'attention', 'score': 0.23929860591404528, 'seconds': 29.16272600000002}
final a3eada2001bf_full_s206_e24 {'job_id': 'a3eada2001bf_full_s206_e24', 'family': 'attention', 'score': 0.25092432652370805, 'seconds': 32.248178542000005}
final 146bcf513d5e_full_s201_e24 {'job_id': '146bcf513d5e_full_s201_e24', 'family': 'local_mlp', 'score': 0.41707360698026996, 'seconds': 765.4314116249998}
final 146bcf513d5e_full_s202_e24 {'job_id': '146bcf513d5e_full_s202_e24', 'family': 'local_mlp', 'score': 0.3924711758382659, 'seconds': 758.6430176249996}
final 146bcf513d5e_full_s203_e24 {'job_id': '146bcf513d5e_full_s203_e24', 'family': 'local_mlp', 'score': 0.21864506159807665, 'seconds': 771.4003464170005}
final 146bcf513d5e_full_s204_e24 {'job_id': '146bcf513d5e_full_s204_e24', 'family': 'local_mlp', 'score': 0.3095676809295707, 'seconds': 1049.1585022910003}
final 146bcf513d5e_full_s205_e24 {'job_id': '146bcf513d5e_full_s205_e24', 'family': 'local_mlp', 'score': 0.4597730229609836, 'seconds': 1039.7249608330003}
final 146bcf513d5e_full_s206_e24 {'job_id': '146bcf513d5e_full_s206_e24', 'family': 'local_mlp', 'score': 0.2725631612062073, 'seconds': 1035.3897660419998}
final f17d19e09641_full_s201_e48 {'job_id': 'f17d19e09641_full_s201_e48', 'family': 'mlp', 'score': 0.20715959765696135, 'seconds': 73.78773854199972}
final f17d19e09641_full_s202_e48 {'job_id': 'f17d19e09641_full_s202_e48', 'family': 'mlp', 'score': 0.22163480243088676, 'seconds': 72.77946150000025}
final f17d19e09641_full_s203_e48 {'job_id': 'f17d19e09641_full_s203_e48', 'family': 'mlp', 'score': 0.21582989011619227, 'seconds': 71.94684341599987}
final f17d19e09641_full_s205_e48 {'job_id': 'f17d19e09641_full_s205_e48', 'family': 'mlp', 'score': 0.2276923375254423, 'seconds': 70.61996562500008}
final f17d19e09641_full_s204_e48 {'job_id': 'f17d19e09641_full_s204_e48', 'family': 'mlp', 'score': 0.2116559563810607, 'seconds': 71.33813908400043}
final f17d19e09641_full_s206_e48 {'job_id': 'f17d19e09641_full_s206_e48', 'family': 'mlp', 'score': 0.2279777807489983, 'seconds': 65.79319466600009}
MP030 locked later comparison scored
MP032 locked later comparison scored
MP033 locked later comparison scored
MP034 locked later comparison scored
Optimization practical gain: False
Secondary interleaved inference timings complete
Systematic optimization report and independent audit complete
Systematic optimization pipeline complete
