{
  "contrasts": {
    "prior_attention": {
      "mean_relative_gain": -0.4556425741078956,
      "mouse_wins": 2,
      "gains": [
        0.19997011433015166,
        0.15561606652514548,
        -0.19892914653994942,
        -1.9792273307469301
      ],
      "leave_one_mouse_out": [
        -0.6741801369205781,
        -0.6593954543189092,
        -0.5412137166305443,
        0.05221901143844924
      ],
      "paired_seed_wins": 5,
      "comparison_gate": false
    },
    "mixer": {
      "mean_relative_gain": -0.2567110454369085,
      "mouse_wins": 1,
      "gains": [
        0.19439262465059637,
        -0.747501943248821,
        -0.001106195818977751,
        -0.4726286673304314
      ],
      "leave_one_mouse_out": [
        -0.4070789354660767,
        -0.09311407949960426,
        -0.34191266197621867,
        -0.18473850480573414
      ],
      "paired_seed_wins": 5,
      "comparison_gate": false
    },
    "random_attention": {
      "mean_relative_gain": -0.1258102270265813,
      "mouse_wins": 1,
      "gains": [
        0.20045581682007896,
        -0.03677133485937434,
        -0.22069180719714954,
        -0.44623358286988024
      ],
      "leave_one_mouse_out": [
        -0.23456557497546804,
        -0.1554898577489836,
        -0.09418303363639187,
        -0.01900244174548164
      ],
      "paired_seed_wins": 4,
      "comparison_gate": false
    },
    "raw_ridge": {
      "mean_relative_gain": -0.04817693218837002,
      "mouse_wins": 1,
      "gains": [
        0.3888577196202684,
        -0.4374787712406054,
        -0.05499900769477817,
        -0.08908766943836488
      ],
      "leave_one_mouse_out": [
        -0.19385514945791615,
        0.08159034749570844,
        -0.045902907019567306,
        -0.034540019771705066
      ],
      "comparison_gate": false
    },
    "pooled_mlp": {
      "mean_relative_gain": -0.10335137302955591,
      "mouse_wins": 2,
      "gains": [
        0.3423671253537858,
        -0.7166387496308402,
        0.03226611214609321,
        -0.07139997998726244
      ],
      "leave_one_mouse_out": [
        -0.25192420582400316,
        0.10107775250420552,
        -0.14855720142143894,
        -0.11400183737698706
      ],
      "paired_seed_wins": 7,
      "comparison_gate": false
    }
  },
  "readout_improvement_gate": false,
  "attention_superiority_gate": false,
  "descriptive_intervals_99": {
    "prior_attention": [
      -2.9383770186770892,
      0.3537799301424875
    ],
    "mixer": [
      -1.5980158862216662,
      0.27346135815104583
    ],
    "random_attention": [
      -0.5687698799954292,
      0.36518938130167083
    ],
    "raw_ridge": [
      -0.7049879419734266,
      0.4069810844964913
    ],
    "pooled_mlp": [
      -1.058039630813689,
      0.39769010747709643
    ]
  }
}
