{"audited": {"n": 2048, "pool": 101, "seed": 10, "variant": "depth_random"}}
{"audited": {"n": 2048, "pool": 101, "seed": 11, "variant": "depth_random"}}
{"audited": {"n": 2048, "pool": 202, "seed": 10, "variant": "depth_random"}}
{"audited": {"n": 2048, "pool": 202, "seed": 11, "variant": "depth_random"}}
{"audited": {"n": 2048, "pool": 101, "seed": 10, "variant": "global"}}
{"audited": {"n": 2048, "pool": 101, "seed": 11, "variant": "global"}}
{"audited": {"n": 2048, "pool": 202, "seed": 10, "variant": "global"}}
{"audited": {"n": 2048, "pool": 101, "seed": 10, "variant": "random"}}
{"audited": {"n": 2048, "pool": 101, "seed": 11, "variant": "random"}}
{"audited": {"n": 2048, "pool": 202, "seed": 10, "variant": "random"}}
{"audited": {"n": 2048, "pool": 202, "seed": 11, "variant": "random"}}
{"audited": {"n": 2048, "pool": 101, "seed": 10, "variant": "spatial"}}
{"audited": {"n": 2048, "pool": 101, "seed": 11, "variant": "spatial"}}
{"audited": {"n": 2048, "pool": 202, "seed": 10, "variant": "spatial"}}
{"audited": {"n": 2048, "pool": 202, "seed": 11, "variant": "spatial"}}
{"audited": {"n": 2048, "pool": 202, "seed": 11, "variant": "global"}}
{"audited": {"n": 2048, "pool": 303, "seed": 10, "variant": "depth_random"}}
{"audited": {"n": 2048, "pool": 303, "seed": 10, "variant": "spatial"}}
{"audited": {"n": 2048, "pool": 303, "seed": 10, "variant": "random"}}
{"audited": {"n": 2048, "pool": 303, "seed": 10, "variant": "global"}}
{"audited": {"n": 2048, "pool": 303, "seed": 11, "variant": "random"}}
{"audited": {"n": 2048, "pool": 303, "seed": 11, "variant": "depth_random"}}
{"audited": {"n": 2048, "pool": 303, "seed": 11, "variant": "spatial"}}
{"audited": {"n": 2048, "pool": 303, "seed": 11, "variant": "global"}}
{"audited": {"n": 2048, "pool": 404, "seed": 10, "variant": "random"}}
{"audited": {"n": 2048, "pool": 404, "seed": 10, "variant": "depth_random"}}
{"audited": {"n": 2048, "pool": 404, "seed": 10, "variant": "spatial"}}
{"audited": {"n": 2048, "pool": 404, "seed": 10, "variant": "global"}}
{"audited": {"n": 2048, "pool": 404, "seed": 11, "variant": "random"}}
{"audited": {"n": 2048, "pool": 404, "seed": 11, "variant": "depth_random"}}
{"audited": {"n": 2048, "pool": 404, "seed": 11, "variant": "spatial"}}
{"audited": {"n": 2048, "pool": 404, "seed": 11, "variant": "global"}}
{"audited": {"n": 2048, "pool": 505, "seed": 10, "variant": "random"}}
{"audited": {"n": 2048, "pool": 505, "seed": 10, "variant": "depth_random"}}
{"audited": {"n": 2048, "pool": 505, "seed": 10, "variant": "spatial"}}
{"audited": {"n": 2048, "pool": 505, "seed": 10, "variant": "global"}}
{"audited": {"n": 2048, "pool": 505, "seed": 11, "variant": "depth_random"}}
{"audited": {"n": 2048, "pool": 505, "seed": 11, "variant": "random"}}
{"audited": {"n": 2048, "pool": 505, "seed": 11, "variant": "spatial"}}
{"audited": {"n": 2048, "pool": 505, "seed": 11, "variant": "global"}}
{"audited": {"n": 2048, "pool": 606, "seed": 10, "variant": "depth_random"}}
{"audited": {"n": 2048, "pool": 606, "seed": 10, "variant": "random"}}
{"audited": {"n": 2048, "pool": 606, "seed": 10, "variant": "spatial"}}
{"audited": {"n": 2048, "pool": 606, "seed": 10, "variant": "global"}}
{"audited": {"n": 2048, "pool": 606, "seed": 11, "variant": "depth_random"}}
{"audited": {"n": 2048, "pool": 606, "seed": 11, "variant": "random"}}
{"audited": {"n": 2048, "pool": 606, "seed": 11, "variant": "global"}}
{"audited": {"n": 2048, "pool": 606, "seed": 11, "variant": "spatial"}}
{"audit_count": 48}
