{"done": {"n": 2048, "pool": 101, "seed": 10, "variant": "depth_random"}, "mean_test": 0.3951280875079079, "separate_test": 0.3937093089564339}
{"done": {"n": 2048, "pool": 101, "seed": 11, "variant": "depth_random"}, "mean_test": 0.3555855368235954, "separate_test": 0.37083511572273103}
{"done": {"n": 2048, "pool": 202, "seed": 10, "variant": "depth_random"}, "mean_test": 0.3532693327711386, "separate_test": 0.38649569362041636}
{"done": {"n": 2048, "pool": 202, "seed": 11, "variant": "depth_random"}, "mean_test": 0.4515278950060777, "separate_test": 0.41213553907509665}
{"done": {"n": 2048, "pool": 303, "seed": 10, "variant": "depth_random"}, "mean_test": 0.42128142170661936, "separate_test": 0.4145532608675227}
{"done": {"n": 2048, "pool": 303, "seed": 11, "variant": "depth_random"}, "mean_test": 0.4023124576760665, "separate_test": 0.4079600635231997}
{"done": {"n": 2048, "pool": 101, "seed": 10, "variant": "global"}, "mean_test": 0.3709249068383914, "separate_test": 0.37084593557199924}
{"done": {"n": 2048, "pool": 101, "seed": 11, "variant": "global"}, "mean_test": 0.3622933468264797, "separate_test": 0.359476173848799}
{"done": {"n": 2048, "pool": 202, "seed": 10, "variant": "global"}, "mean_test": 0.3189632860658479, "separate_test": 0.3131868520833153}
{"done": {"n": 2048, "pool": 202, "seed": 11, "variant": "global"}, "mean_test": 0.3238762267711997, "separate_test": 0.31368087908865905}
{"done": {"n": 2048, "pool": 303, "seed": 10, "variant": "global"}, "mean_test": 0.43277809283872526, "separate_test": 0.43495848347058935}
{"done": {"n": 2048, "pool": 303, "seed": 11, "variant": "global"}, "mean_test": 0.43056534232941585, "separate_test": 0.41939568482246986}
{"done": {"n": 2048, "pool": 101, "seed": 10, "variant": "random"}, "mean_test": 0.34023806069481755, "separate_test": 0.3434322518229116}
{"done": {"n": 2048, "pool": 101, "seed": 11, "variant": "random"}, "mean_test": 0.3468779147550747, "separate_test": 0.3839594351238649}
{"done": {"n": 2048, "pool": 202, "seed": 10, "variant": "random"}, "mean_test": 0.35369781099240605, "separate_test": 0.36443529104926864}
{"done": {"n": 2048, "pool": 202, "seed": 11, "variant": "random"}, "mean_test": 0.4086816762138507, "separate_test": 0.3930555856327817}
{"done": {"n": 2048, "pool": 303, "seed": 10, "variant": "random"}, "mean_test": 0.478290043470124, "separate_test": 0.4873885808560154}
{"done": {"n": 2048, "pool": 303, "seed": 11, "variant": "random"}, "mean_test": 0.3907551563311577, "separate_test": 0.44122297845649644}
{"done": {"n": 2048, "pool": 101, "seed": 10, "variant": "spatial"}, "mean_test": 0.3899138680844103, "separate_test": 0.39308844720636604}
{"done": {"n": 2048, "pool": 101, "seed": 11, "variant": "spatial"}, "mean_test": 0.4052514903995847, "separate_test": 0.417792626083021}
{"done": {"n": 2048, "pool": 202, "seed": 10, "variant": "spatial"}, "mean_test": 0.33696653850284064, "separate_test": 0.3292383373045088}
{"done": {"n": 2048, "pool": 202, "seed": 11, "variant": "spatial"}, "mean_test": 0.36124487051064585, "separate_test": 0.35275508585411114}
{"done": {"n": 2048, "pool": 303, "seed": 10, "variant": "spatial"}, "mean_test": 0.43559250951914735, "separate_test": 0.43076362213712066}
{"done": {"n": 2048, "pool": 303, "seed": 11, "variant": "spatial"}, "mean_test": 0.42671480290981956, "separate_test": 0.43908552358443365}
{"done": {"n": 2048, "pool": 404, "seed": 10, "variant": "depth_random"}, "mean_test": 0.33925621844951015, "separate_test": 0.35012731985456597}
{"done": {"n": 2048, "pool": 404, "seed": 10, "variant": "global"}, "mean_test": 0.3432540035693403, "separate_test": 0.3400392660452571}
{"done": {"n": 2048, "pool": 404, "seed": 10, "variant": "random"}, "mean_test": 0.43992246257315654, "separate_test": 0.42488566959205337}
{"done": {"n": 2048, "pool": 404, "seed": 10, "variant": "spatial"}, "mean_test": 0.3771153999680551, "separate_test": 0.38402029347866684}
{"done": {"n": 2048, "pool": 404, "seed": 11, "variant": "random"}, "mean_test": 0.43711369088782576, "separate_test": 0.45964883740825124}
{"done": {"n": 2048, "pool": 404, "seed": 11, "variant": "depth_random"}, "mean_test": 0.36534071386067835, "separate_test": 0.35500456530927355}
{"done": {"n": 2048, "pool": 404, "seed": 11, "variant": "spatial"}, "mean_test": 0.36699473716882763, "separate_test": 0.36968999011838055}
{"done": {"n": 2048, "pool": 404, "seed": 11, "variant": "global"}, "mean_test": 0.3168504435806638, "separate_test": 0.3163962704596063}
{"done": {"n": 2048, "pool": 505, "seed": 10, "variant": "random"}, "mean_test": 0.36254014811069485, "separate_test": 0.36179818319013507}
{"done": {"n": 2048, "pool": 505, "seed": 10, "variant": "depth_random"}, "mean_test": 0.3778781702186943, "separate_test": 0.3689631854490211}
{"done": {"n": 2048, "pool": 505, "seed": 10, "variant": "spatial"}, "mean_test": 0.39043336383694116, "separate_test": 0.38529743925077037}
{"done": {"n": 2048, "pool": 505, "seed": 10, "variant": "global"}, "mean_test": 0.34446175910352206, "separate_test": 0.3446308659764586}
{"done": {"n": 2048, "pool": 505, "seed": 11, "variant": "depth_random"}, "mean_test": 0.44954312681066955, "separate_test": 0.46730197858494277}
{"done": {"n": 2048, "pool": 505, "seed": 11, "variant": "random"}, "mean_test": 0.4220010337930226, "separate_test": 0.4248697576949057}
{"done": {"n": 2048, "pool": 505, "seed": 11, "variant": "spatial"}, "mean_test": 0.4868662287494206, "separate_test": 0.49257449251034174}
{"done": {"n": 2048, "pool": 505, "seed": 11, "variant": "global"}, "mean_test": 0.4091556397711074, "separate_test": 0.38281412680266935}
{"done": {"n": 2048, "pool": 606, "seed": 10, "variant": "depth_random"}, "mean_test": 0.4102054869109742, "separate_test": 0.4083279483037595}
{"done": {"n": 2048, "pool": 606, "seed": 10, "variant": "random"}, "mean_test": 0.34212991894747746, "separate_test": 0.3385492404587456}
{"done": {"n": 2048, "pool": 606, "seed": 10, "variant": "spatial"}, "mean_test": 0.4036540757911471, "separate_test": 0.4216697737396001}
{"done": {"n": 2048, "pool": 606, "seed": 10, "variant": "global"}, "mean_test": 0.36905124510831294, "separate_test": 0.3678639054979815}
{"done": {"n": 2048, "pool": 606, "seed": 11, "variant": "depth_random"}, "mean_test": 0.3857916831986976, "separate_test": 0.3753966661536424}
{"done": {"n": 2048, "pool": 606, "seed": 11, "variant": "random"}, "mean_test": 0.41463044180104436, "separate_test": 0.3872443152548112}
{"done": {"n": 2048, "pool": 606, "seed": 11, "variant": "global"}, "mean_test": 0.3806409895524337, "separate_test": 0.3694488360995418}
{"done": {"n": 2048, "pool": 606, "seed": 11, "variant": "spatial"}, "mean_test": 0.38526678968926636, "separate_test": 0.3819710536015452}
READOUT_PROBE_COMPLETE
