10 MP030 source attention source epoch 6 selected 6
10 MP030 source attention source epoch 12 selected 10
10 MP030 source attention source epoch 18 selected 13
10 MP030 source attention source epoch 24 selected 13
10 MP030 target attention transfer epoch 6 selected 0
10 MP030 target attention transfer epoch 12 selected 0
10 MP030 target attention transfer epoch 18 selected 0
10 MP030 target attention transfer epoch 24 selected 0
10 MP030 target attention scratch epoch 6 selected 4
10 MP030 target attention scratch epoch 12 selected 12
10 MP030 target attention scratch epoch 18 selected 12
10 MP030 target attention scratch epoch 24 selected 12
10 MP030 source mlp source epoch 6 selected 3
10 MP030 source mlp source epoch 12 selected 11
10 MP030 source mlp source epoch 18 selected 11
10 MP030 source mlp source epoch 24 selected 11
10 MP030 target mlp transfer epoch 6 selected 0
10 MP030 target mlp transfer epoch 12 selected 12
10 MP030 target mlp transfer epoch 18 selected 14
10 MP030 target mlp transfer epoch 24 selected 14
10 MP030 target mlp scratch epoch 6 selected 6
10 MP030 target mlp scratch epoch 12 selected 12
10 MP030 target mlp scratch epoch 18 selected 12
10 MP030 target mlp scratch epoch 24 selected 12
COMPLETED FOLD 10 MP030
10 MP032 source attention source epoch 6 selected 6
10 MP032 source attention source epoch 12 selected 10
10 MP032 source attention source epoch 18 selected 10
10 MP032 source attention source epoch 24 selected 10
10 MP032 target attention transfer epoch 6 selected 3
10 MP032 target attention transfer epoch 12 selected 3
10 MP032 target attention transfer epoch 18 selected 3
10 MP032 target attention transfer epoch 24 selected 3
10 MP032 target attention scratch epoch 6 selected 4
10 MP032 target attention scratch epoch 12 selected 10
10 MP032 target attention scratch epoch 18 selected 10
10 MP032 target attention scratch epoch 24 selected 10
10 MP032 source mlp source epoch 6 selected 6
10 MP032 source mlp source epoch 12 selected 10
10 MP032 source mlp source epoch 18 selected 10
10 MP032 source mlp source epoch 24 selected 10
10 MP032 target mlp transfer epoch 6 selected 6
10 MP032 target mlp transfer epoch 12 selected 7
10 MP032 target mlp transfer epoch 18 selected 7
10 MP032 target mlp transfer epoch 24 selected 7
10 MP032 target mlp scratch epoch 6 selected 4
10 MP032 target mlp scratch epoch 12 selected 12
10 MP032 target mlp scratch epoch 18 selected 12
10 MP032 target mlp scratch epoch 24 selected 12
COMPLETED FOLD 10 MP032
10 MP033 source attention source epoch 6 selected 5
10 MP033 source attention source epoch 12 selected 12
10 MP033 source attention source epoch 18 selected 15
10 MP033 source attention source epoch 24 selected 24
10 MP033 target attention transfer epoch 6 selected 2
10 MP033 target attention transfer epoch 12 selected 12
10 MP033 target attention transfer epoch 18 selected 17
10 MP033 target attention transfer epoch 24 selected 17
10 MP033 target attention scratch epoch 6 selected 5
10 MP033 target attention scratch epoch 12 selected 5
10 MP033 target attention scratch epoch 18 selected 5
10 MP033 target attention scratch epoch 24 selected 5
10 MP033 source mlp source epoch 6 selected 5
10 MP033 source mlp source epoch 12 selected 11
10 MP033 source mlp source epoch 18 selected 14
10 MP033 source mlp source epoch 24 selected 14
10 MP033 target mlp transfer epoch 6 selected 6
10 MP033 target mlp transfer epoch 12 selected 11
10 MP033 target mlp transfer epoch 18 selected 14
10 MP033 target mlp transfer epoch 24 selected 14
10 MP033 target mlp scratch epoch 6 selected 5
10 MP033 target mlp scratch epoch 12 selected 12
10 MP033 target mlp scratch epoch 18 selected 12
10 MP033 target mlp scratch epoch 24 selected 12
COMPLETED FOLD 10 MP033
10 MP034 source attention source epoch 6 selected 6
10 MP034 source attention source epoch 12 selected 6
10 MP034 source attention source epoch 18 selected 14
10 MP034 source attention source epoch 24 selected 14
10 MP034 target attention transfer epoch 6 selected 2
10 MP034 target attention transfer epoch 12 selected 10
10 MP034 target attention transfer epoch 18 selected 10
10 MP034 target attention transfer epoch 24 selected 10
10 MP034 target attention scratch epoch 6 selected 1
10 MP034 target attention scratch epoch 12 selected 10
10 MP034 target attention scratch epoch 18 selected 14
10 MP034 target attention scratch epoch 24 selected 14
10 MP034 source mlp source epoch 6 selected 5
10 MP034 source mlp source epoch 12 selected 8
10 MP034 source mlp source epoch 18 selected 8
10 MP034 source mlp source epoch 24 selected 8
10 MP034 target mlp transfer epoch 6 selected 2
10 MP034 target mlp transfer epoch 12 selected 2
10 MP034 target mlp transfer epoch 18 selected 2
10 MP034 target mlp transfer epoch 24 selected 2
10 MP034 target mlp scratch epoch 6 selected 1
10 MP034 target mlp scratch epoch 12 selected 11
10 MP034 target mlp scratch epoch 18 selected 11
10 MP034 target mlp scratch epoch 24 selected 11
COMPLETED FOLD 10 MP034
