12 MP030 source attention source epoch 6 selected 4
12 MP030 source attention source epoch 12 selected 8
12 MP030 source attention source epoch 18 selected 18
12 MP030 source attention source epoch 24 selected 18
12 MP030 target attention transfer epoch 6 selected 0
12 MP030 target attention transfer epoch 12 selected 0
12 MP030 target attention transfer epoch 18 selected 0
12 MP030 target attention transfer epoch 24 selected 0
12 MP030 target attention scratch epoch 6 selected 6
12 MP030 target attention scratch epoch 12 selected 12
12 MP030 target attention scratch epoch 18 selected 16
12 MP030 target attention scratch epoch 24 selected 16
12 MP030 source mlp source epoch 6 selected 5
12 MP030 source mlp source epoch 12 selected 11
12 MP030 source mlp source epoch 18 selected 11
12 MP030 source mlp source epoch 24 selected 11
12 MP030 target mlp transfer epoch 6 selected 6
12 MP030 target mlp transfer epoch 12 selected 11
12 MP030 target mlp transfer epoch 18 selected 11
12 MP030 target mlp transfer epoch 24 selected 11
12 MP030 target mlp scratch epoch 6 selected 4
12 MP030 target mlp scratch epoch 12 selected 12
12 MP030 target mlp scratch epoch 18 selected 14
12 MP030 target mlp scratch epoch 24 selected 14
COMPLETED FOLD 12 MP030
12 MP032 source attention source epoch 6 selected 3
12 MP032 source attention source epoch 12 selected 12
12 MP032 source attention source epoch 18 selected 16
12 MP032 source attention source epoch 24 selected 16
12 MP032 target attention transfer epoch 6 selected 3
12 MP032 target attention transfer epoch 12 selected 3
12 MP032 target attention transfer epoch 18 selected 3
12 MP032 target attention transfer epoch 24 selected 3
12 MP032 target attention scratch epoch 6 selected 6
12 MP032 target attention scratch epoch 12 selected 10
12 MP032 target attention scratch epoch 18 selected 10
12 MP032 target attention scratch epoch 24 selected 10
12 MP032 source mlp source epoch 6 selected 5
12 MP032 source mlp source epoch 12 selected 10
12 MP032 source mlp source epoch 18 selected 10
12 MP032 source mlp source epoch 24 selected 10
12 MP032 target mlp transfer epoch 6 selected 6
12 MP032 target mlp transfer epoch 12 selected 6
12 MP032 target mlp transfer epoch 18 selected 6
12 MP032 target mlp transfer epoch 24 selected 6
12 MP032 target mlp scratch epoch 6 selected 6
12 MP032 target mlp scratch epoch 12 selected 10
12 MP032 target mlp scratch epoch 18 selected 10
12 MP032 target mlp scratch epoch 24 selected 10
COMPLETED FOLD 12 MP032
12 MP033 source attention source epoch 6 selected 6
12 MP033 source attention source epoch 12 selected 11
12 MP033 source attention source epoch 18 selected 16
12 MP033 source attention source epoch 24 selected 16
12 MP033 target attention transfer epoch 6 selected 6
12 MP033 target attention transfer epoch 12 selected 11
12 MP033 target attention transfer epoch 18 selected 15
12 MP033 target attention transfer epoch 24 selected 15
12 MP033 target attention scratch epoch 6 selected 6
12 MP033 target attention scratch epoch 12 selected 7
12 MP033 target attention scratch epoch 18 selected 15
12 MP033 target attention scratch epoch 24 selected 23
12 MP033 source mlp source epoch 6 selected 5
12 MP033 source mlp source epoch 12 selected 10
12 MP033 source mlp source epoch 18 selected 10
12 MP033 source mlp source epoch 24 selected 10
12 MP033 target mlp transfer epoch 6 selected 6
12 MP033 target mlp transfer epoch 12 selected 12
12 MP033 target mlp transfer epoch 18 selected 12
12 MP033 target mlp transfer epoch 24 selected 12
12 MP033 target mlp scratch epoch 6 selected 6
12 MP033 target mlp scratch epoch 12 selected 7
12 MP033 target mlp scratch epoch 18 selected 18
12 MP033 target mlp scratch epoch 24 selected 24
COMPLETED FOLD 12 MP033
12 MP034 source attention source epoch 6 selected 4
12 MP034 source attention source epoch 12 selected 9
12 MP034 source attention source epoch 18 selected 9
12 MP034 source attention source epoch 24 selected 9
12 MP034 target attention transfer epoch 6 selected 5
12 MP034 target attention transfer epoch 12 selected 5
12 MP034 target attention transfer epoch 18 selected 5
12 MP034 target attention transfer epoch 24 selected 5
12 MP034 target attention scratch epoch 6 selected 1
12 MP034 target attention scratch epoch 12 selected 9
12 MP034 target attention scratch epoch 18 selected 9
12 MP034 target attention scratch epoch 24 selected 9
12 MP034 source mlp source epoch 6 selected 5
12 MP034 source mlp source epoch 12 selected 10
12 MP034 source mlp source epoch 18 selected 10
12 MP034 source mlp source epoch 24 selected 10
12 MP034 target mlp transfer epoch 6 selected 3
12 MP034 target mlp transfer epoch 12 selected 3
12 MP034 target mlp transfer epoch 18 selected 3
12 MP034 target mlp transfer epoch 24 selected 3
12 MP034 target mlp scratch epoch 6 selected 1
12 MP034 target mlp scratch epoch 12 selected 11
12 MP034 target mlp scratch epoch 18 selected 11
12 MP034 target mlp scratch epoch 24 selected 11
COMPLETED FOLD 12 MP034
