11 MP030 source attention source epoch 6 selected 5
11 MP030 source attention source epoch 12 selected 10
11 MP030 source attention source epoch 18 selected 10
11 MP030 source attention source epoch 24 selected 10
11 MP030 target attention transfer epoch 6 selected 0
11 MP030 target attention transfer epoch 12 selected 12
11 MP030 target attention transfer epoch 18 selected 18
11 MP030 target attention transfer epoch 24 selected 22
11 MP030 target attention scratch epoch 6 selected 3
11 MP030 target attention scratch epoch 12 selected 11
11 MP030 target attention scratch epoch 18 selected 18
11 MP030 target attention scratch epoch 24 selected 19
11 MP030 source mlp source epoch 6 selected 6
11 MP030 source mlp source epoch 12 selected 8
11 MP030 source mlp source epoch 18 selected 8
11 MP030 source mlp source epoch 24 selected 8
11 MP030 target mlp transfer epoch 6 selected 6
11 MP030 target mlp transfer epoch 12 selected 11
11 MP030 target mlp transfer epoch 18 selected 15
11 MP030 target mlp transfer epoch 24 selected 15
11 MP030 target mlp scratch epoch 6 selected 1
11 MP030 target mlp scratch epoch 12 selected 1
11 MP030 target mlp scratch epoch 18 selected 1
11 MP030 target mlp scratch epoch 24 selected 1
COMPLETED FOLD 11 MP030
11 MP032 source attention source epoch 6 selected 6
11 MP032 source attention source epoch 12 selected 12
11 MP032 source attention source epoch 18 selected 18
11 MP032 source attention source epoch 24 selected 18
11 MP032 target attention transfer epoch 6 selected 0
11 MP032 target attention transfer epoch 12 selected 0
11 MP032 target attention transfer epoch 18 selected 0
11 MP032 target attention transfer epoch 24 selected 0
11 MP032 target attention scratch epoch 6 selected 0
11 MP032 target attention scratch epoch 12 selected 10
11 MP032 target attention scratch epoch 18 selected 10
11 MP032 target attention scratch epoch 24 selected 10
11 MP032 source mlp source epoch 6 selected 6
11 MP032 source mlp source epoch 12 selected 8
11 MP032 source mlp source epoch 18 selected 8
11 MP032 source mlp source epoch 24 selected 8
11 MP032 target mlp transfer epoch 6 selected 6
11 MP032 target mlp transfer epoch 12 selected 7
11 MP032 target mlp transfer epoch 18 selected 13
11 MP032 target mlp transfer epoch 24 selected 13
11 MP032 target mlp scratch epoch 6 selected 0
11 MP032 target mlp scratch epoch 12 selected 10
11 MP032 target mlp scratch epoch 18 selected 10
11 MP032 target mlp scratch epoch 24 selected 10
COMPLETED FOLD 11 MP032
11 MP033 source attention source epoch 6 selected 6
11 MP033 source attention source epoch 12 selected 10
11 MP033 source attention source epoch 18 selected 10
11 MP033 source attention source epoch 24 selected 10
11 MP033 target attention transfer epoch 6 selected 5
11 MP033 target attention transfer epoch 12 selected 8
11 MP033 target attention transfer epoch 18 selected 8
11 MP033 target attention transfer epoch 24 selected 8
11 MP033 target attention scratch epoch 6 selected 3
11 MP033 target attention scratch epoch 12 selected 11
11 MP033 target attention scratch epoch 18 selected 17
11 MP033 target attention scratch epoch 24 selected 22
11 MP033 source mlp source epoch 6 selected 6
11 MP033 source mlp source epoch 12 selected 8
11 MP033 source mlp source epoch 18 selected 15
11 MP033 source mlp source epoch 24 selected 15
11 MP033 target mlp transfer epoch 6 selected 5
11 MP033 target mlp transfer epoch 12 selected 10
11 MP033 target mlp transfer epoch 18 selected 10
11 MP033 target mlp transfer epoch 24 selected 10
11 MP033 target mlp scratch epoch 6 selected 3
11 MP033 target mlp scratch epoch 12 selected 9
11 MP033 target mlp scratch epoch 18 selected 17
11 MP033 target mlp scratch epoch 24 selected 22
COMPLETED FOLD 11 MP033
11 MP034 source attention source epoch 6 selected 4
11 MP034 source attention source epoch 12 selected 9
11 MP034 source attention source epoch 18 selected 14
11 MP034 source attention source epoch 24 selected 14
11 MP034 target attention transfer epoch 6 selected 3
11 MP034 target attention transfer epoch 12 selected 3
11 MP034 target attention transfer epoch 18 selected 3
11 MP034 target attention transfer epoch 24 selected 3
11 MP034 target attention scratch epoch 6 selected 0
11 MP034 target attention scratch epoch 12 selected 7
11 MP034 target attention scratch epoch 18 selected 15
11 MP034 target attention scratch epoch 24 selected 15
11 MP034 source mlp source epoch 6 selected 4
11 MP034 source mlp source epoch 12 selected 4
11 MP034 source mlp source epoch 18 selected 16
11 MP034 source mlp source epoch 24 selected 16
11 MP034 target mlp transfer epoch 6 selected 4
11 MP034 target mlp transfer epoch 12 selected 4
11 MP034 target mlp transfer epoch 18 selected 4
11 MP034 target mlp transfer epoch 24 selected 4
11 MP034 target mlp scratch epoch 6 selected 0
11 MP034 target mlp scratch epoch 12 selected 10
11 MP034 target mlp scratch epoch 18 selected 13
11 MP034 target mlp scratch epoch 24 selected 20
COMPLETED FOLD 11 MP034
