{
  "sharing": {
    "attention": {
      "mean_relative_gain": 0.4919244851332383,
      "gains": [
        0.6292870167476148,
        0.9562177773783331,
        0.26350843302928084,
        0.11868471337772435
      ],
      "mouse_wins": 4,
      "leave_one_mouse_out": [
        0.44613697459511287,
        0.33716005438487334,
        0.5680631691678908,
        0.6163377423850762
      ],
      "paired_seed_wins": 11,
      "threshold_pass": true
    },
    "mlp": {
      "mean_relative_gain": 0.009917515300611635,
      "gains": [
        0.3370329867348567,
        -0.20123859530156807,
        0.035312453405869526,
        -0.13143678363671163
      ],
      "mouse_wins": 2,
      "leave_one_mouse_out": [
        -0.09912097517747005,
        0.0803028855013382,
        0.0014525359321923375,
        0.05703561494638606
      ],
      "paired_seed_wins": 7,
      "threshold_pass": false
    }
  },
  "separate_long_vs_short": {
    "attention": {
      "mean_relative_gain": 0.09754633247864486,
      "gains": [
        0.15094079960411344,
        0.0942245407290404,
        -0.028522830187865944,
        0.17354281976929153
      ],
      "mouse_wins": 3,
      "leave_one_mouse_out": [
        0.07974817677015533,
        0.09865359639517968,
        0.13956938670081512,
        0.0722141700484293
      ],
      "paired_seed_wins": 8,
      "threshold_pass": true
    },
    "mlp": {
      "mean_relative_gain": -0.060268263861377014,
      "gains": [
        -0.11692907639726591,
        -0.10786305013177899,
        -0.000951202700924414,
        -0.015329726215538741
      ],
      "mouse_wins": 0,
      "leave_one_mouse_out": [
        -0.04138132634941405,
        -0.04440333510457636,
        -0.08004061758152788,
        -0.07524777640998977
      ],
      "paired_seed_wins": 4,
      "threshold_pass": false
    }
  },
  "shared_attention_controls": {
    "equal_mlp": {
      "mean_relative_gain": 0.07422880297005735,
      "gains": [
        0.4217859370219228,
        0.3470671871914546,
        -0.032549342222562005,
        -0.43938857011058596
      ],
      "mouse_wins": 2,
      "leave_one_mouse_out": [
        -0.04162357504723113,
        -0.016717325103741725,
        0.10982151803426381,
        0.24543459399693845
      ],
      "paired_seed_wins": 9,
      "threshold_pass": false
    },
    "shared_mlp": {
      "mean_relative_gain": 0.060441426005048454,
      "gains": [
        0.12783886466636374,
        0.4564503543572639,
        -0.07034588128355179,
        -0.272177633719882
      ],
      "mouse_wins": 2,
      "leave_one_mouse_out": [
        0.03797561311794336,
        -0.0715615501123567,
        0.10403719510124854,
        0.17131444591335862
      ],
      "paired_seed_wins": 7,
      "threshold_pass": false
    },
    "raw_ridge": {
      "mean_relative_gain": 0.3651717734096125,
      "gains": [
        0.2301505246694433,
        0.47865455827577486,
        0.12261015393294561,
        0.6292718567602862
      ],
      "mouse_wins": 4,
      "leave_one_mouse_out": [
        0.4101788563230022,
        0.32734417845422503,
        0.44602564656850147,
        0.27713841229272124
      ],
      "threshold_pass": true
    }
  },
  "new_learning_vs_initial": {
    "attention": {
      "mean_relative_gain": 0.11836990333219866,
      "gains": [
        0.164207299983818,
        -0.9727752829780509,
        0.4462495775163545,
        0.835798018806673
      ],
      "mouse_wins": 3,
      "leave_one_mouse_out": [
        0.10309077111499221,
        0.4820849654356152,
        0.009076678604146701,
        -0.12077280182595947
      ],
      "paired_seed_wins": 9,
      "threshold_pass": true
    },
    "mlp": {
      "mean_relative_gain": 0.7090864906132219,
      "gains": [
        0.464144466484012,
        0.8677161188295291,
        0.6050237023173939,
        0.8994616748219528
      ],
      "mouse_wins": 4,
      "leave_one_mouse_out": [
        0.7907338319896254,
        0.6562099478744529,
        0.7437740867118313,
        0.6456280958769783
      ],
      "paired_seed_wins": 12,
      "threshold_pass": true
    }
  },
  "shared_learning_vs_initial": {
    "mean_relative_gain": 0.762810518922387,
    "gains": [
      0.6901607947964353,
      0.9136275133781331,
      0.5921674836343223,
      0.8552862838806575
    ],
    "mouse_wins": 4,
    "leave_one_mouse_out": [
      0.7870270936310376,
      0.7125381874371385,
      0.8196915306850753,
      0.7319852639362968
    ],
    "paired_seed_wins": 12,
    "threshold_pass": true
  },
  "overall_gate": false,
  "difference_of_relative_sharing_gains": {
    "by_mouse": [
      0.29225403001275807,
      1.1574563726799012,
      0.22819597962341132,
      0.250121497014436
    ],
    "mean": 0.4820069698326266
  },
  "descriptive_intervals_97_5": {
    "attention": [
      -0.06330027261499645,
      0.8440147809432584
    ],
    "mlp": [
      -1.0059554813053013,
      0.45853933366456096
    ]
  }
}
