{
  "primary": {
    "separate_attention": {
      "mean_relative_gain": 0.539929532628507,
      "mouse_wins": 4,
      "gains": [
        0.6852427308633562,
        0.9603431371969563,
        0.2425016091297798,
        0.27163065332393543
      ],
      "leave_one_mouse_out": [
        0.49149179988355723,
        0.3997916644390238,
        0.6390721737947493,
        0.6293624923966975
      ],
      "paired_seed_wins": 12,
      "threshold_pass": true
    },
    "shared_mlp": {
      "mean_relative_gain": 0.060441426005048454,
      "mouse_wins": 2,
      "gains": [
        0.12783886466636374,
        0.4564503543572639,
        -0.07034588128355179,
        -0.272177633719882
      ],
      "leave_one_mouse_out": [
        0.03797561311794336,
        -0.0715615501123567,
        0.10403719510124854,
        0.17131444591335862
      ],
      "paired_seed_wins": 7,
      "threshold_pass": false
    },
    "raw_ridge": {
      "mean_relative_gain": 0.3651717734096125,
      "mouse_wins": 4,
      "gains": [
        0.2301505246694433,
        0.47865455827577486,
        0.12261015393294561,
        0.6292718567602862
      ],
      "leave_one_mouse_out": [
        0.4101788563230022,
        0.32734417845422503,
        0.44602564656850147,
        0.27713841229272124
      ],
      "threshold_pass": true
    }
  },
  "broader_comparisons": {
    "separate_mlp": {
      "mean_relative_gain": 0.03395756359872748,
      "mouse_wins": 2,
      "gains": [
        0.35417590067798566,
        0.2766398624708031,
        -0.03353150594572174,
        -0.46145400280815707
      ],
      "leave_one_mouse_out": [
        -0.07278188209435858,
        -0.046936536025297716,
        0.05645392011354389,
        0.19909475240102234
      ],
      "paired_seed_wins": 9,
      "threshold_pass": false
    },
    "prior_attention": {
      "mean_relative_gain": 0.16868588894548311,
      "mouse_wins": 2,
      "gains": [
        -0.007789196566482692,
        0.693758458497191,
        0.0029106646967346217,
        -0.014136370845510449
      ],
      "leave_one_mouse_out": [
        0.22751091744947172,
        -0.006338300905086173,
        0.22394429702839927,
        0.22962664220914764
      ],
      "paired_seed_wins": 7,
      "threshold_pass": false
    },
    "prior_mlp": {
      "mean_relative_gain": 0.3448681203548979,
      "mouse_wins": 4,
      "gains": [
        0.171586814134445,
        0.3774086928359841,
        0.1951841843403339,
        0.6352927901088286
      ],
      "leave_one_mouse_out": [
        0.4026285557617155,
        0.3340212628612025,
        0.3947627656930859,
        0.24805989710358767
      ],
      "paired_seed_wins": 11,
      "threshold_pass": true
    }
  },
  "primary_gate": false,
  "broader_gate": false,
  "worst_relative_harm_vs_ridge": -0.12261015393294561,
  "worst_relative_harm_vs_prior_mlp": -0.171586814134445,
  "learning_vs_initial": {
    "shared_attention": {
      "mean_relative_gain": 0.762810518922387,
      "mouse_wins": 4,
      "gains": [
        0.6901607947964353,
        0.9136275133781331,
        0.5921674836343223,
        0.8552862838806575
      ],
      "leave_one_mouse_out": [
        0.7870270936310376,
        0.7125381874371385,
        0.8196915306850753,
        0.7319852639362968
      ],
      "paired_seed_wins": 12,
      "threshold_pass": true
    },
    "separate_attention": {
      "mean_relative_gain": 0.02513832719509068,
      "mouse_wins": 3,
      "gains": [
        0.01562494155121208,
        -1.1779959511884965,
        0.4616060954305705,
        0.8013182229870768
      ],
      "leave_one_mouse_out": [
        0.028309455743050254,
        0.4261830866562864,
        -0.1203509288834026,
        -0.23358830473557135
      ],
      "paired_seed_wins": 8,
      "threshold_pass": false
    },
    "shared_mlp": {
      "mean_relative_gain": 0.747764869739778,
      "mouse_wins": 4,
      "gains": [
        0.6447454574033056,
        0.8410954964017441,
        0.6189712844257338,
        0.8862472407283285
      ],
      "leave_one_mouse_out": [
        0.7821046738519355,
        0.716654660852456,
        0.7906960648444593,
        0.7016040794102611
      ],
      "paired_seed_wins": 12,
      "threshold_pass": true
    },
    "separate_mlp": {
      "mean_relative_gain": 0.7268040619801656,
      "mouse_wins": 4,
      "gains": [
        0.52024211309421,
        0.8805954570334882,
        0.6053990478089054,
        0.9009796299840586
      ],
      "leave_one_mouse_out": [
        0.7956580449421508,
        0.675540263629058,
        0.7672724000372523,
        0.6687455393122012
      ],
      "paired_seed_wins": 12,
      "threshold_pass": true
    }
  },
  "sharing_effect": {
    "attention": {
      "mean_relative_gain": 0.539929532628507,
      "mouse_wins": 4,
      "gains": [
        0.6852427308633562,
        0.9603431371969563,
        0.2425016091297798,
        0.27163065332393543
      ],
      "leave_one_mouse_out": [
        0.49149179988355723,
        0.3997916644390238,
        0.6390721737947493,
        0.6293624923966975
      ],
      "paired_seed_wins": 12,
      "threshold_pass": true
    },
    "mlp": {
      "mean_relative_gain": -0.0464203869222376,
      "mouse_wins": 2,
      "gains": [
        0.2595128661919096,
        -0.3308078541268089,
        0.034394840006001126,
        -0.14878139976005222
      ],
      "leave_one_mouse_out": [
        -0.14839813796028667,
        0.04837543547928617,
        -0.07335879589831718,
        -0.012300049309632724
      ],
      "paired_seed_wins": 8,
      "threshold_pass": false
    }
  },
  "difference_in_relative_sharing_effect": {
    "by_mouse": [
      0.4257298646714466,
      1.2911509913237653,
      0.20810676912377868,
      0.42041205308398766
    ],
    "mean": 0.5863499195507446,
    "scope": "Descriptive difference of within-family relative gains,not an isolated causal attention effect"
  },
  "native_query_vs_uniform": {
    "mean_relative_gain": 0.8992425387822399,
    "mouse_wins": 4,
    "gains": [
      0.9646816424280422,
      0.9966748609802867,
      0.7232216761980965,
      0.9123919755225344
    ],
    "leave_one_mouse_out": [
      0.8774295042336392,
      0.8667650980495577,
      0.9579161596436211,
      0.8948593932021418
    ],
    "paired_seed_wins": 12,
    "threshold_pass": true
  },
  "descriptive_intervals_98_3333": {
    "separate_attention": [
      0.06213213499300643,
      0.899331234527385
    ],
    "shared_mlp": [
      -2.6952721142936675,
      0.527438953796882
    ],
    "raw_ridge": [
      -0.002183107820943328,
      0.7171283186953062
    ]
  }
}
