{
  "conditions": {
    "real": {
      "validation": {
        "mse": 0.30506154243739914,
        "raw_mse": 0.30527489807571684,
        "r2": 0.8274156170443778,
        "pair_mse": [
          [
            0.30354624039576344,
            0.29847986185141456
          ],
          [
            0.3373566607141438,
            0.3082234721741381
          ],
          [
            0.33502324271004846,
            0.36858983328251627
          ],
          [
            0.2977932137609445,
            0.29894517080076066
          ],
          [
            0.2636408183750686,
            0.2981659865513977
          ],
          [
            0.26234221019314546,
            0.2886317984394488
          ]
        ]
      },
      "test": {
        "mse": 0.36583538754987416,
        "raw_mse": 0.366054632389798,
        "r2": 0.8393627358479319,
        "pair_mse": [
          [
            0.35034221327165843,
            0.3645203506382282
          ],
          [
            0.313328546066166,
            0.37973921518906345
          ],
          [
            0.4141658118874486,
            0.41367006821277164
          ],
          [
            0.3166348653867424,
            0.30329314930073165
          ],
          [
            0.3442494396478114,
            0.45817661905375034
          ],
          [
            0.3389297368673998,
            0.3929746350767184
          ]
        ]
      }
    },
    "none": {
      "validation": {
        "mse": 0.3167954516387499,
        "raw_mse": 0.3168427162598604,
        "r2": 0.8207773188734835,
        "pair_mse": [
          [
            0.3008946664946098,
            0.28996840455912953
          ],
          [
            0.3458077922440933,
            0.3275156204260671
          ],
          [
            0.3727801291682549,
            0.3841048514206084
          ],
          [
            0.321673210284467,
            0.30436901366505964
          ],
          [
            0.29654689924758376,
            0.30156734259434964
          ],
          [
            0.2644052174159519,
            0.2919122721448239
          ]
        ]
      },
      "test": {
        "mse": 0.3676628646043811,
        "raw_mse": 0.36771694567064783,
        "r2": 0.8385602959410035,
        "pair_mse": [
          [
            0.33382576063042746,
            0.3484938833283297
          ],
          [
            0.33704381768379493,
            0.3099910959953759
          ],
          [
            0.44125596039701026,
            0.46052612169645146
          ],
          [
            0.38262118062482087,
            0.3329304975621667
          ],
          [
            0.373918780331423,
            0.4056405545413564
          ],
          [
            0.35056558996702936,
            0.3351411324943868
          ]
        ]
      }
    },
    "shuffled": {
      "validation": {
        "mse": 0.3146781936960448,
        "raw_mse": 0.3149809896031931,
        "r2": 0.8219751285111064,
        "pair_mse": [
          [
            0.29612124568562054,
            0.2971889344055061
          ],
          [
            0.319397557266829,
            0.3303656177106701
          ],
          [
            0.33803645058449344,
            0.37206029638118066
          ],
          [
            0.3113856658891264,
            0.2931614539761766
          ],
          [
            0.29421081079281447,
            0.33382451041103345
          ],
          [
            0.27949834747668567,
            0.31088743377240097
          ]
        ]
      },
      "test": {
        "mse": 0.37611593791431663,
        "raw_mse": 0.37645562726690307,
        "r2": 0.8348485758166079,
        "pair_mse": [
          [
            0.33516600925451623,
            0.3656766985945094
          ],
          [
            0.3233101977228331,
            0.35257486201041016
          ],
          [
            0.4432391913802019,
            0.4210279082408725
          ],
          [
            0.365516760866443,
            0.3250169279391788
          ],
          [
            0.3671920012707313,
            0.47768171399667164
          ],
          [
            0.3519097311165085,
            0.38507925257892356
          ]
        ]
      }
    }
  },
  "contrasts": {
    "none": {
      "mean_mse_improvement": 0.001827477054506867,
      "relative_improvement_percent": 0.49705238968675836,
      "positive_pairs": 7,
      "pairs": 12,
      "positive_pool_means": 2,
      "pool_means": {
        "101": -0.0162714599755647,
        "202": -0.023016423788029365,
        "303": 0.03697310099662073,
        "404": 0.04781183174975673,
        "505": -0.011433361914391156,
        "606": -0.023098824741351047
      },
      "interval95": [
        -0.05404707132413529,
        0.04439524441425109
      ],
      "raw_mean_mse_improvement": 0.0016623132808497461,
      "validation_mean_improvement": 0.011733909201350718
    },
    "shuffled": {
      "mean_mse_improvement": 0.010280550364442474,
      "relative_improvement_percent": 2.7333461116940216,
      "positive_pairs": 9,
      "pairs": 12,
      "positive_pool_means": 4,
      "pool_means": {
        "101": -0.007009928030430445,
        "202": -0.008591350760993086,
        "303": 0.018215609760427083,
        "404": 0.03530283705907385,
        "505": 0.021223828282920586,
        "606": 0.002542305875656848
      },
      "interval95": [
        -0.015110239100103322,
        0.03497467591300472
      ],
      "raw_mean_mse_improvement": 0.010400994877105038,
      "validation_mean_improvement": 0.009616651258645614
    }
  },
  "candidate_gate": false,
  "stronger_within_recording_gate": false,
  "learning_check": {
    "beat_untrained": 36,
    "train_mean_baseline_mse": 2.4624419637759543,
    "beat_train_mean": 36,
    "final_epoch_selected": 4,
    "new_fit_seconds": 2747.1678186680006
  },
  "reliance": {
    "none": {
      "validation": {
        "original_mse": 0.3050615424373992,
        "perturbed_mse": 0.3360048107281411,
        "mse_increase": 0.0309432682907419,
        "percent_increase": 10.143287168716679,
        "positive_increases": 12,
        "max_compensated_prediction_error": 1.430511474609375e-06
      },
      "test": {
        "original_mse": 0.36583538754987416,
        "perturbed_mse": 0.38907961098512556,
        "mse_increase": 0.0232442234352514,
        "percent_increase": 6.353738382425491,
        "positive_increases": 9,
        "max_compensated_prediction_error": 1.6689300537109375e-06
      }
    },
    "shuffled": {
      "validation": {
        "original_mse": 0.3050615424373992,
        "perturbed_mse": 0.3385674118552862,
        "mse_increase": 0.033505869417887024,
        "percent_increase": 10.983314760090636,
        "positive_increases": 12,
        "max_compensated_prediction_error": 9.5367431640625e-07
      },
      "test": {
        "original_mse": 0.36583538754987416,
        "perturbed_mse": 0.428731102287778,
        "mse_increase": 0.06289571473790384,
        "percent_increase": 17.192353959833724,
        "positive_increases": 11,
        "max_compensated_prediction_error": 9.5367431640625e-07
      }
    }
  },
  "audit": {
    "records": 36,
    "metrics_recomputed": true,
    "checkpoint_selection_correct": true,
    "finite_predictions": true,
    "matched_initial_weights_and_configuration": true,
    "frozen_sources_and_application_hashes_match": true,
    "checkpoint_reloads": 36,
    "full_validation_and_test_reloads": 6,
    "max_reload_prediction_error": 9.5367431640625e-07,
    "reliance_metrics_recomputed": true
  }
}
