{
  "summaries": {
    "attention_augmentation": {
      "clean": {
        "mean_mse_gain": -0.08266064390774375,
        "mouse_wins": 2,
        "mouse_mse_gains": [
          -0.23270462826655347,
          -0.25428100633964035,
          0.037329149754695035,
          0.1190139092205238
        ],
        "mean_mae_gain": -0.1244791704665913,
        "seed_wins": 14,
        "leave_one_mouse_out": [
          -0.032645982454807175,
          -0.02545385643044488,
          -0.12265724179522335,
          -0.1498854949504996
        ],
        "view_mean_gains": [
          -0.08266064390774372
        ]
      },
      "missing_16": {
        "mean_mse_gain": -0.01214027105534879,
        "mouse_wins": 2,
        "mouse_mse_gains": [
          -0.14482272877094582,
          -0.6836060190383091,
          0.17969846785287913,
          0.6001691957349806
        ],
        "mean_mae_gain": -0.030425231764501626,
        "seed_wins": 14,
        "leave_one_mouse_out": [
          0.03208721484985022,
          0.21168164493897132,
          -0.07608651735809142,
          -0.21624342665212526
        ],
        "view_mean_gains": [
          0.025618863827830962,
          0.08187256634245965,
          0.06520234264581756,
          -0.06906208139172673,
          -0.36617228030450943
        ]
      },
      "missing_32": {
        "mean_mse_gain": -0.1321395204022046,
        "mouse_wins": 2,
        "mouse_mse_gains": [
          -0.13078787290790017,
          -1.3439917895373314,
          0.3019549665173823,
          0.644266614319031
        ],
        "mean_mae_gain": -0.043325780356714805,
        "seed_wins": 13,
        "leave_one_mouse_out": [
          -0.1325900695669727,
          0.271811235976171,
          -0.27683768270873355,
          -0.39094156530928315
        ],
        "view_mean_gains": [
          -0.11482407013990253,
          0.02467404267731821,
          0.2384112135284987,
          0.008325023121594888,
          -0.90392131894797
        ]
      },
      "missing_64": {
        "mean_mse_gain": -0.5265400696107121,
        "mouse_wins": 2,
        "mouse_mse_gains": [
          -0.1436538899259734,
          -2.987515474942481,
          0.41984531899871347,
          0.6051637674268929
        ],
        "mean_mae_gain": -0.0888954229500909,
        "seed_wins": 12,
        "leave_one_mouse_out": [
          -0.6541687961722916,
          0.29378506549987765,
          -0.8420018658138538,
          -0.9037746819565804
        ],
        "view_mean_gains": [
          -0.9663978181741903,
          0.2367070516171688,
          0.2524041194332387,
          -0.011474510497262946,
          -2.1584870836452907
        ]
      }
    },
    "mlp_augmentation": {
      "clean": {
        "mean_mse_gain": -0.10292924229513944,
        "mouse_wins": 1,
        "mouse_mse_gains": [
          0.08774030995904791,
          -0.1112437539705029,
          -0.048374053014121676,
          -0.3398394721549811
        ],
        "mean_mae_gain": -0.023115184860647564,
        "seed_wins": 11,
        "leave_one_mouse_out": [
          -0.1664857597132019,
          -0.10015773840335163,
          -0.12111430538881203,
          -0.023959165675192223
        ],
        "view_mean_gains": [
          -0.10292924229513942
        ]
      },
      "missing_16": {
        "mean_mse_gain": -0.16834764778048206,
        "mouse_wins": 1,
        "mouse_mse_gains": [
          0.1313342273400453,
          -0.6747408815038931,
          -0.04918390781014681,
          -0.0808000291479336
        ],
        "mean_mae_gain": 0.04815027468052774,
        "seed_wins": 15,
        "leave_one_mouse_out": [
          -0.2682416061539912,
          0.00045009679398829344,
          -0.20806889443726048,
          -0.19753018732466487
        ],
        "view_mean_gains": [
          -0.23404817169786457,
          -0.2042062079998873,
          -0.05680788831188338,
          -0.20199768269000004,
          -0.22773955847128596
        ]
      },
      "missing_32": {
        "mean_mse_gain": -0.15213704406718725,
        "mouse_wins": 2,
        "mouse_mse_gains": [
          0.15484894181352982,
          -0.820465036131107,
          -0.01528207540191473,
          0.07234999345074289
        ],
        "mean_mae_gain": 0.09820821464746982,
        "seed_wins": 14,
        "leave_one_mouse_out": [
          -0.2544657060274263,
          0.07063895328745266,
          -0.19775536695561144,
          -0.22696605657316396
        ],
        "view_mean_gains": [
          -0.4259947031844544,
          -0.2852777342469707,
          -0.003507120600732744,
          -0.1186207456918826,
          0.018546145932500063
        ]
      },
      "missing_64": {
        "mean_mse_gain": 0.057826254408579525,
        "mouse_wins": 3,
        "mouse_mse_gains": [
          0.12650237249638585,
          -0.14612015774668174,
          0.07687133946441682,
          0.17405146342019717
        ],
        "mean_mae_gain": 0.17425440642682588,
        "seed_wins": 17,
        "leave_one_mouse_out": [
          0.034934215045977414,
          0.12580839179366662,
          0.051477892723300424,
          0.01908451807137364
        ],
        "view_mean_gains": [
          -0.04919516611882263,
          -0.08179570183730045,
          0.12454919587753546,
          0.17139771620661307,
          0.1832214603748927
        ]
      }
    },
    "augmented_attention_vs_mlp": {
      "clean": {
        "mean_mse_gain": 0.21562503377305117,
        "mouse_wins": 4,
        "mouse_mse_gains": [
          0.11403539559950115,
          0.31055698707178603,
          0.04094331048603994,
          0.39696444193487757
        ],
        "mean_mae_gain": -0.043040817553709476,
        "seed_wins": 14,
        "leave_one_mouse_out": [
          0.24948824649756784,
          0.18398104934013956,
          0.2738522748687216,
          0.1551785643857757
        ],
        "view_mean_gains": [
          0.21562503377305123
        ]
      },
      "missing_16": {
        "mean_mse_gain": 0.17782492515224702,
        "mouse_wins": 4,
        "mouse_mse_gains": [
          0.16698933876755917,
          0.1570632151649185,
          0.05943669774811011,
          0.3278104489284003
        ],
        "mean_mae_gain": -0.00719542290534167,
        "seed_wins": 16,
        "leave_one_mouse_out": [
          0.1814367872804763,
          0.1847454951480232,
          0.21728766762029264,
          0.12782975056019594
        ],
        "view_mean_gains": [
          0.1950349227040085,
          0.2605584283571508,
          0.21347096965146342,
          0.17467703372633,
          0.03862871381227681
        ]
      },
      "missing_32": {
        "mean_mse_gain": 0.0720596306557213,
        "mouse_wins": 3,
        "mouse_mse_gains": [
          0.010025278824814854,
          -0.11630100178560498,
          0.08107740427373755,
          0.31343684130993776
        ],
        "mean_mae_gain": -0.022656219533907784,
        "seed_wins": 15,
        "leave_one_mouse_out": [
          0.09273774793269011,
          0.1348465081361634,
          0.06905370611638255,
          -0.00839943956235086
        ],
        "view_mean_gains": [
          0.14749126405009702,
          0.18439744647235698,
          0.23163193939518922,
          0.15420958727504133,
          -0.6245402798115749
        ]
      },
      "missing_64": {
        "mean_mse_gain": -0.49007014873951693,
        "mouse_wins": 2,
        "mouse_mse_gains": [
          -0.1408456079908691,
          -1.9855271000786097,
          0.11920110005988804,
          0.04689101305152288
        ],
        "mean_mae_gain": -0.1689495633075928,
        "seed_wins": 12,
        "leave_one_mouse_out": [
          -0.6064783289890663,
          0.008415501706847276,
          -0.6931605650059852,
          -0.6690572026698636
        ],
        "view_mean_gains": [
          -0.6858518106391736,
          0.23954162146097968,
          0.03576360566207226,
          -0.19419908826273502,
          -2.2421061691495607
        ]
      }
    },
    "native_attention_vs_mlp": {
      "clean": {
        "mean_mse_gain": 0.19299143134184246,
        "mouse_wins": 3,
        "mouse_mse_gains": [
          0.3443443166639214,
          0.3891805441023928,
          -0.044438136253788674,
          0.08287900085484434
        ],
        "mean_mae_gain": 0.09337248325888542,
        "seed_wins": 18,
        "leave_one_mouse_out": [
          0.14254046956781616,
          0.12759506042165902,
          0.2721346205403862,
          0.2296955748375085
        ],
        "view_mean_gains": [
          0.1929914313418425
        ]
      },
      "missing_16": {
        "mean_mse_gain": -0.12264855267936497,
        "mouse_wins": 2,
        "mouse_mse_gains": [
          0.36793022055885805,
          0.16150175390015653,
          -0.20300138708319215,
          -0.8170247980932823
        ],
        "mean_mae_gain": 0.04035619332380927,
        "seed_wins": 12,
        "leave_one_mouse_out": [
          -0.2861748104254393,
          -0.21736532153920549,
          -0.09586427454475592,
          0.1088101957919408
        ],
        "view_mean_gains": [
          -0.3884704157974268,
          -0.020079905441509616,
          -0.2015142305828525,
          0.0690567777719569,
          0.11676713427838009
        ]
      },
      "missing_32": {
        "mean_mse_gain": -0.18344590285080048,
        "mouse_wins": 2,
        "mouse_mse_gains": [
          0.26009271656983113,
          0.1330230111642391,
          -0.3365407607987896,
          -0.7903585783384826
        ],
        "mean_mae_gain": 0.04371074310094883,
        "seed_wins": 11,
        "leave_one_mouse_out": [
          -0.33129210932434433,
          -0.2889355408558137,
          -0.1324142835348041,
          0.01885832231176021
        ],
        "view_mean_gains": [
          -0.4483534707180788,
          -0.19797449263695444,
          -0.2433895393072037,
          -0.04581647869237104,
          0.1017409653051333
        ]
      },
      "missing_64": {
        "mean_mse_gain": -0.28119176120799055,
        "mouse_wins": 2,
        "mouse_mse_gains": [
          0.12864727632549233,
          0.14187849240924943,
          -0.40150676247172723,
          -0.9937860510949768
        ],
        "mean_mae_gain": -0.007039871214932103,
        "seed_wins": 8,
        "leave_one_mouse_out": [
          -0.41780477371915153,
          -0.42221517908040385,
          -0.24108676078674499,
          -0.04366033124566182
        ],
        "view_mean_gains": [
          -0.3400494114172308,
          -0.15316157126305927,
          -0.4402362252544253,
          -0.26545045907866927,
          0.01484395584142223
        ]
      }
    }
  },
  "gates": {
    "attention": {
      "robustness_pass": false,
      "clean_safeguard_pass": false,
      "combined_pass": false
    },
    "mlp": {
      "robustness_pass": false,
      "clean_safeguard_pass": false,
      "combined_pass": false
    },
    "augmented_attention_advantage_25pct": false
  },
  "degradation": {
    "native_attention": {
      "clean": 0.0,
      "missing_16": 0.5427292276979981,
      "missing_32": 0.8496463003972465,
      "missing_64": 2.3681158666787616
    },
    "native_mlp": {
      "clean": 0.0,
      "missing_16": 0.0817174470163359,
      "missing_32": 0.22722389933708242,
      "missing_64": 0.8983471980225635
    },
    "augmented_attention": {
      "clean": 0.0,
      "missing_16": 0.15937388853921572,
      "missing_32": 0.397574436696342,
      "missing_64": 1.454973225785115
    },
    "augmented_mlp": {
      "clean": 0.0,
      "missing_16": 0.08644217464881965,
      "missing_32": 0.1631700790183609,
      "missing_64": 0.464353609174951
    }
  },
  "clean_single_wins_vs_initial": {
    "native_attention": 24,
    "native_mlp": 24,
    "augmented_attention": 24,
    "augmented_mlp": 24
  }
}
